Component: ARM Compiler 6.7 Tool: armlink [5c9ef700]

==============================================================================

Section Cross References

    main.o(.ARM.exidx.text.configureGPIOoutput) refers to main.o(.text.configureGPIOoutput) for [Anonymous Symbol]
    main.o(.ARM.exidx.text.configureGPIOinput) refers to main.o(.text.configureGPIOinput) for [Anonymous Symbol]
    main.o(.text.configureMotor) refers to steppermotor.o(.text.initMotor) for initMotor
    main.o(.text.configureMotor) refers to main.o(.bss.m1) for m1
    main.o(.text.configureMotor) refers to main.o(.bss.mcb) for mcb
    main.o(.ARM.exidx.text.configureMotor) refers to main.o(.text.configureMotor) for [Anonymous Symbol]
    main.o(.ARM.exidx.text.ledOn) refers to main.o(.text.ledOn) for [Anonymous Symbol]
    main.o(.ARM.exidx.text.ledOff) refers to main.o(.text.ledOff) for [Anonymous Symbol]
    main.o(.ARM.exidx.text.isPressed) refers to main.o(.text.isPressed) for [Anonymous Symbol]
    main.o(.ARM.exidx.text.isPressed_2) refers to main.o(.text.isPressed_2) for [Anonymous Symbol]
    main.o(.text.task1PollInput) refers to main.o(.bss.bounceCounter) for bounceCounter
    main.o(.text.task1PollInput) refers to main.o(.bss.b_state) for b_state
    main.o(.text.task1PollInput) refers to main.o(.bss.motorRunning) for motorRunning
    main.o(.text.task1PollInput) refers to main.o(.bss.pressed_2) for pressed_2
    main.o(.text.task1PollInput) refers to main.o(.bss.pressed) for pressed
    main.o(.text.task1PollInput) refers to main.o(.bss.mov_state) for mov_state
    main.o(.ARM.exidx.text.task1PollInput) refers to main.o(.text.task1PollInput) for [Anonymous Symbol]
    main.o(.text.task2ControlLight) refers to main.o(.bss.sys_state) for sys_state
    main.o(.ARM.exidx.text.task2ControlLight) refers to main.o(.text.task2ControlLight) for [Anonymous Symbol]
    main.o(.text.task3ControlMotor) refers to steppermotor.o(.text.moveSteps) for moveSteps
    main.o(.text.task3ControlMotor) refers to pit.o(.text.setTimer) for setTimer
    main.o(.text.task3ControlMotor) refers to aeabi_sdiv.o(.text) for __aeabi_idivmod
    main.o(.text.task3ControlMotor) refers to steppermotor.o(.text.stopMotor) for stopMotor
    main.o(.text.task3ControlMotor) refers to main.o(.bss.sys_state) for sys_state
    main.o(.text.task3ControlMotor) refers to main.o(.bss.pressed_2) for pressed_2
    main.o(.text.task3ControlMotor) refers to main.o(.bss.steps_counter) for steps_counter
    main.o(.text.task3ControlMotor) refers to main.o(.bss.steps_calc) for steps_calc
    main.o(.text.task3ControlMotor) refers to main.o(.bss.mov_state) for mov_state
    main.o(.text.task3ControlMotor) refers to main.o(.data.mov_rot) for mov_rot
    main.o(.text.task3ControlMotor) refers to main.o(.bss.m1) for m1
    main.o(.text.task3ControlMotor) refers to main.o(.bss.reset_flag) for reset_flag
    main.o(.text.task3ControlMotor) refers to main.o(.bss.motorRunning) for motorRunning
    main.o(.text.task3ControlMotor) refers to main.o(.bss.mov_flag) for mov_flag
    main.o(.text.task3ControlMotor) refers to main.o(.bss.pressed) for pressed
    main.o(.text.task3ControlMotor) refers to main.o(.data.mov_arr) for mov_arr
    main.o(.text.task3ControlMotor) refers to main.o(.data.mov_time) for mov_time
    main.o(.ARM.exidx.text.task3ControlMotor) refers to main.o(.text.task3ControlMotor) for [Anonymous Symbol]
    main.o(.text.task4UpdateMotor) refers to steppermotor.o(.text.updateMotor) for updateMotor
    main.o(.text.task4UpdateMotor) refers to steppermotor.o(.text.isMoving) for isMoving
    main.o(.text.task4UpdateMotor) refers to main.o(.bss.mov_flag) for mov_flag
    main.o(.text.task4UpdateMotor) refers to main.o(.bss.motorRunning) for motorRunning
    main.o(.text.task4UpdateMotor) refers to main.o(.bss.reset_flag) for reset_flag
    main.o(.text.task4UpdateMotor) refers to main.o(.bss.steps_counter) for steps_counter
    main.o(.text.task4UpdateMotor) refers to main.o(.bss.counter) for counter
    main.o(.text.task4UpdateMotor) refers to main.o(.bss.delay) for delay
    main.o(.text.task4UpdateMotor) refers to main.o(.bss.m1) for m1
    main.o(.ARM.exidx.text.task4UpdateMotor) refers to main.o(.text.task4UpdateMotor) for [Anonymous Symbol]
    main.o(.text.main) refers to steppermotor.o(.text.initMotor) for initMotor
    main.o(.text.main) refers to systick.o(.text.Init_SysTick) for Init_SysTick
    main.o(.text.main) refers to systick.o(.text.waitSysTickCounter) for waitSysTickCounter
    main.o(.text.main) refers to pit.o(.text.configurePIT) for configurePIT
    main.o(.text.main) refers to pit.o(.text.setTimer) for setTimer
    main.o(.text.main) refers to pit.o(.text.startTimer) for startTimer
    main.o(.text.main) refers to main.o(.text.task1PollInput) for task1PollInput
    main.o(.text.main) refers to main.o(.text.task2ControlLight) for task2ControlLight
    main.o(.text.main) refers to main.o(.text.task3ControlMotor) for task3ControlMotor
    main.o(.text.main) refers to main.o(.bss.m1) for m1
    main.o(.text.main) refers to main.o(.bss.mcb) for mcb
    main.o(.ARM.exidx.text.main) refers to main.o(.text.main) for [Anonymous Symbol]
    systick.o(.text.Init_SysTick) refers to aeabi_sdiv.o(.text) for __aeabi_uidiv
    systick.o(.text.Init_SysTick) refers to system_mkl25z4.o(.data.SystemCoreClock) for SystemCoreClock
    systick.o(.ARM.exidx.text.Init_SysTick) refers to systick.o(.text.Init_SysTick) for [Anonymous Symbol]
    systick.o(.text.SysTick_Handler) refers to systick.o(.bss.SysTickCounter) for SysTickCounter
    systick.o(.ARM.exidx.text.SysTick_Handler) refers to systick.o(.text.SysTick_Handler) for [Anonymous Symbol]
    systick.o(.text.waitSysTickCounter) refers to systick.o(.bss.SysTickCounter) for SysTickCounter
    systick.o(.ARM.exidx.text.waitSysTickCounter) refers to systick.o(.text.waitSysTickCounter) for [Anonymous Symbol]
    steppermotor.o(.text.initMotor) refers to steppermotor.o(.text.setStep) for setStep
    steppermotor.o(.ARM.exidx.text.initMotor) refers to steppermotor.o(.text.initMotor) for [Anonymous Symbol]
    steppermotor.o(.ARM.exidx.text.setStep) refers to steppermotor.o(.text.setStep) for [Anonymous Symbol]
    steppermotor.o(.ARM.exidx.text.stopMotor) refers to steppermotor.o(.text.stopMotor) for [Anonymous Symbol]
    steppermotor.o(.ARM.exidx.text.isMoving) refers to steppermotor.o(.text.isMoving) for [Anonymous Symbol]
    steppermotor.o(.ARM.exidx.text.moveSteps) refers to steppermotor.o(.text.moveSteps) for [Anonymous Symbol]
    steppermotor.o(.ARM.exidx.text.getSteps) refers to steppermotor.o(.text.getSteps) for [Anonymous Symbol]
    steppermotor.o(.text.nextClockwise) refers to steppermotor.o(.text.setStep) for setStep
    steppermotor.o(.ARM.exidx.text.nextClockwise) refers to steppermotor.o(.text.nextClockwise) for [Anonymous Symbol]
    steppermotor.o(.text.nextAntiCwise) refers to steppermotor.o(.text.setStep) for setStep
    steppermotor.o(.ARM.exidx.text.nextAntiCwise) refers to steppermotor.o(.text.nextAntiCwise) for [Anonymous Symbol]
    steppermotor.o(.text.updateMotor) refers to steppermotor.o(.text.setStep) for setStep
    steppermotor.o(.ARM.exidx.text.updateMotor) refers to steppermotor.o(.text.updateMotor) for [Anonymous Symbol]
    pit.o(.ARM.exidx.text.configurePIT) refers to pit.o(.text.configurePIT) for [Anonymous Symbol]
    pit.o(.ARM.exidx.text.startTimer) refers to pit.o(.text.startTimer) for [Anonymous Symbol]
    pit.o(.ARM.exidx.text.stopTimer) refers to pit.o(.text.stopTimer) for [Anonymous Symbol]
    pit.o(.ARM.exidx.text.setTimer) refers to pit.o(.text.setTimer) for [Anonymous Symbol]
    pit.o(.text.PIT_IRQHandler) refers to main.o(.text.task4UpdateMotor) for task4UpdateMotor
    pit.o(.ARM.exidx.text.PIT_IRQHandler) refers to pit.o(.text.PIT_IRQHandler) for [Anonymous Symbol]
    startup_mkl25z4.o(STACK) refers (Special) to heapauxi.o(.text) for __use_two_region_memory
    startup_mkl25z4.o(HEAP) refers (Special) to heapauxi.o(.text) for __use_two_region_memory
    startup_mkl25z4.o(RESET) refers (Special) to heapauxi.o(.text) for __use_two_region_memory
    startup_mkl25z4.o(RESET) refers to startup_mkl25z4.o(STACK) for __initial_sp
    startup_mkl25z4.o(RESET) refers to startup_mkl25z4.o(.text) for Reset_Handler
    startup_mkl25z4.o(RESET) refers to systick.o(.text.SysTick_Handler) for SysTick_Handler
    startup_mkl25z4.o(RESET) refers to pit.o(.text.PIT_IRQHandler) for PIT_IRQHandler
    startup_mkl25z4.o(.ARM.__at_0x400) refers (Special) to heapauxi.o(.text) for __use_two_region_memory
    startup_mkl25z4.o(.text) refers (Special) to heapauxi.o(.text) for __use_two_region_memory
    startup_mkl25z4.o(.text) refers to system_mkl25z4.o(.text.SystemInit) for SystemInit
    startup_mkl25z4.o(.text) refers to __main.o(!!!main) for __main
    startup_mkl25z4.o(.text) refers to startup_mkl25z4.o(HEAP) for Heap_Mem
    startup_mkl25z4.o(.text) refers to startup_mkl25z4.o(STACK) for Stack_Mem
    system_mkl25z4.o(.ARM.exidx.text.SystemInit) refers to system_mkl25z4.o(.text.SystemInit) for [Anonymous Symbol]
    system_mkl25z4.o(.text.SystemCoreClockUpdate) refers to aeabi_sdiv.o(.text) for __aeabi_uidiv
    system_mkl25z4.o(.text.SystemCoreClockUpdate) refers to system_mkl25z4.o(.data.SystemCoreClock) for SystemCoreClock
    system_mkl25z4.o(.ARM.exidx.text.SystemCoreClockUpdate) refers to system_mkl25z4.o(.text.SystemCoreClockUpdate) for [Anonymous Symbol]
    __main.o(!!!main) refers to __rtentry.o(.ARM.Collect$$rtentry$$00000000) for __rt_entry
    __rtentry.o(.ARM.Collect$$rtentry$$00000000) refers (Special) to __rtentry2.o(.ARM.Collect$$rtentry$$0000000A) for __rt_entry_li
    __rtentry.o(.ARM.Collect$$rtentry$$00000000) refers (Special) to __rtentry2.o(.ARM.Collect$$rtentry$$0000000D) for __rt_entry_main
    __rtentry.o(.ARM.Collect$$rtentry$$00000000) refers (Special) to __rtentry2.o(.ARM.Collect$$rtentry$$0000000C) for __rt_entry_postli_1
    __rtentry.o(.ARM.Collect$$rtentry$$00000000) refers (Special) to __rtentry2.o(.ARM.Collect$$rtentry$$00000009) for __rt_entry_postsh_1
    __rtentry.o(.ARM.Collect$$rtentry$$00000000) refers (Special) to __rtentry2.o(.ARM.Collect$$rtentry$$00000002) for __rt_entry_presh_1
    __rtentry.o(.ARM.Collect$$rtentry$$00000000) refers (Special) to __rtentry4.o(.ARM.Collect$$rtentry$$00000004) for __rt_entry_sh
    aeabi_idiv0_sigfpe.o(.text) refers to rt_div0.o(.text) for __rt_div0
    __rtentry2.o(.ARM.Collect$$rtentry$$00000008) refers to boardinit2.o(.text) for _platform_post_stackheap_init
    __rtentry2.o(.ARM.Collect$$rtentry$$0000000A) refers to libinit.o(.ARM.Collect$$libinit$$00000000) for __rt_lib_init
    __rtentry2.o(.ARM.Collect$$rtentry$$0000000B) refers to boardinit3.o(.text) for _platform_post_lib_init
    __rtentry2.o(.ARM.Collect$$rtentry$$0000000D) refers to main.o(.text.main) for main
    __rtentry2.o(.ARM.Collect$$rtentry$$0000000D) refers to exit.o(.text) for exit
    __rtentry2.o(.ARM.exidx) refers to __rtentry2.o(.ARM.Collect$$rtentry$$00000001) for .ARM.Collect$$rtentry$$00000001
    __rtentry2.o(.ARM.exidx) refers to __rtentry2.o(.ARM.Collect$$rtentry$$00000008) for .ARM.Collect$$rtentry$$00000008
    __rtentry2.o(.ARM.exidx) refers to __rtentry2.o(.ARM.Collect$$rtentry$$0000000A) for .ARM.Collect$$rtentry$$0000000A
    __rtentry2.o(.ARM.exidx) refers to __rtentry2.o(.ARM.Collect$$rtentry$$0000000B) for .ARM.Collect$$rtentry$$0000000B
    __rtentry2.o(.ARM.exidx) refers to __rtentry2.o(.ARM.Collect$$rtentry$$0000000D) for .ARM.Collect$$rtentry$$0000000D
    __rtentry4.o(.ARM.Collect$$rtentry$$00000004) refers to sys_stackheap_outer.o(.text) for __user_setup_stackheap
    __rtentry4.o(.ARM.exidx) refers to __rtentry4.o(.ARM.Collect$$rtentry$$00000004) for .ARM.Collect$$rtentry$$00000004
    rt_div0.o(.text) refers to defsig_fpe_outer.o(.text) for __rt_SIGFPE
    sys_stackheap_outer.o(.text) refers to libspace.o(.text) for __user_perproc_libspace
    sys_stackheap_outer.o(.text) refers to startup_mkl25z4.o(.text) for __user_initial_stackheap
    sys_stackheap_outer.o(__vectab_stack_and_reset_area) refers to tempstk.o(.text) for __temporary_stack_top
    sys_stackheap_outer.o(__vectab_stack_and_reset_area) refers to __main.o(!!!main) for __main
    exit.o(.text) refers to rtexit.o(.ARM.Collect$$rtexit$$00000000) for __rt_exit
    defsig_fpe_outer.o(.text) refers to defsig_fpe_inner.o(.text) for __rt_SIGFPE_inner
    defsig_fpe_outer.o(.text) refers to defsig_exit.o(.text) for __sig_exit
    defsig_fpe_formal.o(.text) refers to rt_raise.o(.text) for __rt_raise
    libinit.o(.ARM.Collect$$libinit$$00000000) refers (Special) to libinit2.o(.ARM.Collect$$libinit$$0000002E) for __rt_lib_init_alloca_1
    libinit.o(.ARM.Collect$$libinit$$00000000) refers (Special) to libinit2.o(.ARM.Collect$$libinit$$0000002C) for __rt_lib_init_argv_1
    libinit.o(.ARM.Collect$$libinit$$00000000) refers (Special) to libinit2.o(.ARM.Collect$$libinit$$0000001B) for __rt_lib_init_atexit_1
    libinit.o(.ARM.Collect$$libinit$$00000000) refers (Special) to libinit2.o(.ARM.Collect$$libinit$$00000021) for __rt_lib_init_clock_1
    libinit.o(.ARM.Collect$$libinit$$00000000) refers (Special) to libinit2.o(.ARM.Collect$$libinit$$00000032) for __rt_lib_init_cpp_1
    libinit.o(.ARM.Collect$$libinit$$00000000) refers (Special) to libinit2.o(.ARM.Collect$$libinit$$00000030) for __rt_lib_init_exceptions_1
    libinit.o(.ARM.Collect$$libinit$$00000000) refers (Special) to libinit2.o(.ARM.Collect$$libinit$$00000002) for __rt_lib_init_fp_1
    libinit.o(.ARM.Collect$$libinit$$00000000) refers (Special) to libinit2.o(.ARM.Collect$$libinit$$0000001F) for __rt_lib_init_fp_trap_1
    libinit.o(.ARM.Collect$$libinit$$00000000) refers (Special) to libinit2.o(.ARM.Collect$$libinit$$00000023) for __rt_lib_init_getenv_1
    libinit.o(.ARM.Collect$$libinit$$00000000) refers (Special) to libinit2.o(.ARM.Collect$$libinit$$0000000A) for __rt_lib_init_heap_1
    libinit.o(.ARM.Collect$$libinit$$00000000) refers (Special) to libinit2.o(.ARM.Collect$$libinit$$00000011) for __rt_lib_init_lc_collate_1
    libinit.o(.ARM.Collect$$libinit$$00000000) refers (Special) to libinit2.o(.ARM.Collect$$libinit$$00000013) for __rt_lib_init_lc_ctype_1
    libinit.o(.ARM.Collect$$libinit$$00000000) refers (Special) to libinit2.o(.ARM.Collect$$libinit$$00000015) for __rt_lib_init_lc_monetary_1
    libinit.o(.ARM.Collect$$libinit$$00000000) refers (Special) to libinit2.o(.ARM.Collect$$libinit$$00000017) for __rt_lib_init_lc_numeric_1
    libinit.o(.ARM.Collect$$libinit$$00000000) refers (Special) to libinit2.o(.ARM.Collect$$libinit$$00000019) for __rt_lib_init_lc_time_1
    libinit.o(.ARM.Collect$$libinit$$00000000) refers (Special) to libinit2.o(.ARM.Collect$$libinit$$00000004) for __rt_lib_init_preinit_1
    libinit.o(.ARM.Collect$$libinit$$00000000) refers (Special) to libinit2.o(.ARM.Collect$$libinit$$0000000E) for __rt_lib_init_rand_1
    libinit.o(.ARM.Collect$$libinit$$00000000) refers (Special) to libinit2.o(.ARM.Collect$$libinit$$00000033) for __rt_lib_init_return
    libinit.o(.ARM.Collect$$libinit$$00000000) refers (Special) to libinit2.o(.ARM.Collect$$libinit$$0000001D) for __rt_lib_init_signal_1
    libinit.o(.ARM.Collect$$libinit$$00000000) refers (Special) to libinit2.o(.ARM.Collect$$libinit$$00000025) for __rt_lib_init_stdio_1
    libinit.o(.ARM.Collect$$libinit$$00000000) refers (Special) to libinit2.o(.ARM.Collect$$libinit$$0000000C) for __rt_lib_init_user_alloc_1
    libspace.o(.text) refers to libspace.o(.bss) for __libspace_start
    rtexit.o(.ARM.Collect$$rtexit$$00000000) refers (Special) to rtexit2.o(.ARM.Collect$$rtexit$$00000004) for __rt_exit_exit
    rtexit.o(.ARM.Collect$$rtexit$$00000000) refers (Special) to rtexit2.o(.ARM.Collect$$rtexit$$00000003) for __rt_exit_ls
    rtexit.o(.ARM.Collect$$rtexit$$00000000) refers (Special) to rtexit2.o(.ARM.Collect$$rtexit$$00000002) for __rt_exit_prels_1
    rtexit.o(.ARM.exidx) refers (Special) to rtexit2.o(.ARM.Collect$$rtexit$$00000004) for __rt_exit_exit
    rtexit.o(.ARM.exidx) refers (Special) to rtexit2.o(.ARM.Collect$$rtexit$$00000003) for __rt_exit_ls
    rtexit.o(.ARM.exidx) refers (Special) to rtexit2.o(.ARM.Collect$$rtexit$$00000002) for __rt_exit_prels_1
    rtexit.o(.ARM.exidx) refers to rtexit.o(.ARM.Collect$$rtexit$$00000000) for .ARM.Collect$$rtexit$$00000000
    rt_raise.o(.text) refers to __raise.o(.text) for __raise
    rt_raise.o(.text) refers to sys_exit.o(.text) for _sys_exit
    defsig_exit.o(.text) refers to sys_exit.o(.text) for _sys_exit
    defsig_fpe_inner.o(.text) refers to defsig_general.o(.text) for __default_signal_display
    libinit2.o(.ARM.Collect$$libinit$$00000010) refers to libinit2.o(.ARM.Collect$$libinit$$0000000F) for .ARM.Collect$$libinit$$0000000F
    libinit2.o(.ARM.Collect$$libinit$$00000012) refers to libinit2.o(.ARM.Collect$$libinit$$0000000F) for .ARM.Collect$$libinit$$0000000F
    libinit2.o(.ARM.Collect$$libinit$$00000014) refers to libinit2.o(.ARM.Collect$$libinit$$0000000F) for .ARM.Collect$$libinit$$0000000F
    libinit2.o(.ARM.Collect$$libinit$$00000016) refers to libinit2.o(.ARM.Collect$$libinit$$0000000F) for .ARM.Collect$$libinit$$0000000F
    libinit2.o(.ARM.Collect$$libinit$$00000018) refers to libinit2.o(.ARM.Collect$$libinit$$0000000F) for .ARM.Collect$$libinit$$0000000F
    libinit2.o(.ARM.Collect$$libinit$$00000026) refers to argv_veneer.o(.text) for __ARM_argv_veneer
    libinit2.o(.ARM.Collect$$libinit$$00000027) refers to argv_veneer.o(.text) for __ARM_argv_veneer
    sys_exit.o(.text) refers (Special) to use_no_semi.o(.text) for __I$use$semihosting
    sys_exit.o(.text) refers (Special) to indicate_semi.o(.text) for __semihosting_library_function
    sys_exit_hlt.o(.text) refers (Special) to use_no_semi.o(.text) for __I$use$semihosting
    sys_exit_hlt.o(.text) refers (Special) to indicate_semi.o(.text) for __semihosting_library_function
    rtexit2.o(.ARM.Collect$$rtexit$$00000003) refers to libshutdown.o(.ARM.Collect$$libshutdown$$00000000) for __rt_lib_shutdown
    rtexit2.o(.ARM.Collect$$rtexit$$00000004) refers to sys_exit.o(.text) for _sys_exit
    rtexit2.o(.ARM.exidx) refers to rtexit2.o(.ARM.Collect$$rtexit$$00000001) for .ARM.Collect$$rtexit$$00000001
    rtexit2.o(.ARM.exidx) refers to rtexit2.o(.ARM.Collect$$rtexit$$00000003) for .ARM.Collect$$rtexit$$00000003
    rtexit2.o(.ARM.exidx) refers to rtexit2.o(.ARM.Collect$$rtexit$$00000004) for .ARM.Collect$$rtexit$$00000004
    __raise.o(.text) refers to defsig.o(CL$$defsig) for __default_signal_handler
    defsig_general.o(.text) refers to sys_wrch.o(.text) for _ttywrch
    sys_wrch.o(.text) refers (Special) to use_no_semi.o(.text) for __I$use$semihosting
    sys_wrch.o(.text) refers (Special) to indicate_semi.o(.text) for __semihosting_library_function
    sys_wrch_hlt.o(.text) refers (Special) to use_no_semi.o(.text) for __I$use$semihosting
    sys_wrch_hlt.o(.text) refers (Special) to indicate_semi.o(.text) for __semihosting_library_function
    defsig.o(CL$$defsig) refers to defsig_fpe_inner.o(.text) for __rt_SIGFPE_inner
    defsig.o(CL$$defsig) refers to defsig_rtmem_inner.o(.text) for __rt_SIGRTMEM_inner
    _get_argv_nomalloc.o(.text) refers (Special) to hrguard.o(.text) for __heap_region$guard
    _get_argv_nomalloc.o(.text) refers to defsig_rtmem_outer.o(.text) for __rt_SIGRTMEM
    _get_argv_nomalloc.o(.text) refers to sys_command.o(.text) for _sys_command_string
    libshutdown.o(.ARM.Collect$$libshutdown$$00000000) refers (Special) to libshutdown2.o(.ARM.Collect$$libshutdown$$00000002) for __rt_lib_shutdown_cpp_1
    libshutdown.o(.ARM.Collect$$libshutdown$$00000000) refers (Special) to libshutdown2.o(.ARM.Collect$$libshutdown$$00000007) for __rt_lib_shutdown_fp_trap_1
    libshutdown.o(.ARM.Collect$$libshutdown$$00000000) refers (Special) to libshutdown2.o(.ARM.Collect$$libshutdown$$0000000F) for __rt_lib_shutdown_heap_1
    libshutdown.o(.ARM.Collect$$libshutdown$$00000000) refers (Special) to libshutdown2.o(.ARM.Collect$$libshutdown$$00000010) for __rt_lib_shutdown_return
    libshutdown.o(.ARM.Collect$$libshutdown$$00000000) refers (Special) to libshutdown2.o(.ARM.Collect$$libshutdown$$0000000A) for __rt_lib_shutdown_signal_1
    libshutdown.o(.ARM.Collect$$libshutdown$$00000000) refers (Special) to libshutdown2.o(.ARM.Collect$$libshutdown$$00000004) for __rt_lib_shutdown_stdio_1
    libshutdown.o(.ARM.Collect$$libshutdown$$00000000) refers (Special) to libshutdown2.o(.ARM.Collect$$libshutdown$$0000000C) for __rt_lib_shutdown_user_alloc_1
    sys_command.o(.text) refers (Special) to use_no_semi.o(.text) for __I$use$semihosting
    sys_command.o(.text) refers (Special) to indicate_semi.o(.text) for __semihosting_library_function
    sys_command_hlt.o(.text) refers (Special) to use_no_semi.o(.text) for __I$use$semihosting
    sys_command_hlt.o(.text) refers (Special) to indicate_semi.o(.text) for __semihosting_library_function
    defsig_abrt_inner.o(.text) refers to defsig_general.o(.text) for __default_signal_display
    defsig_rtred_inner.o(.text) refers to defsig_general.o(.text) for __default_signal_display
    defsig_rtmem_inner.o(.text) refers to defsig_general.o(.text) for __default_signal_display
    defsig_rtmem_outer.o(.text) refers to defsig_rtmem_inner.o(.text) for __rt_SIGRTMEM_inner
    defsig_rtmem_outer.o(.text) refers to defsig_exit.o(.text) for __sig_exit
    defsig_rtmem_formal.o(.text) refers to rt_raise.o(.text) for __rt_raise
    defsig_stak_inner.o(.text) refers to defsig_general.o(.text) for __default_signal_display
    defsig_pvfn_inner.o(.text) refers to defsig_general.o(.text) for __default_signal_display
    defsig_cppl_inner.o(.text) refers to defsig_general.o(.text) for __default_signal_display
    defsig_segv_inner.o(.text) refers to defsig_general.o(.text) for __default_signal_display
    defsig_other.o(.text) refers to defsig_general.o(.text) for __default_signal_display


==============================================================================

Removing Unused input sections from the image.

    Removing main.o(.text), (0 bytes).
    Removing main.o(.text.configureGPIOoutput), (76 bytes).
    Removing main.o(.ARM.exidx.text.configureGPIOoutput), (8 bytes).
    Removing main.o(.text.configureGPIOinput), (64 bytes).
    Removing main.o(.ARM.exidx.text.configureGPIOinput), (8 bytes).
    Removing main.o(.text.configureMotor), (64 bytes).
    Removing main.o(.ARM.exidx.text.configureMotor), (8 bytes).
    Removing main.o(.text.ledOn), (20 bytes).
    Removing main.o(.ARM.exidx.text.ledOn), (8 bytes).
    Removing main.o(.text.ledOff), (20 bytes).
    Removing main.o(.ARM.exidx.text.ledOff), (8 bytes).
    Removing main.o(.text.isPressed), (20 bytes).
    Removing main.o(.ARM.exidx.text.isPressed), (8 bytes).
    Removing main.o(.text.isPressed_2), (20 bytes).
    Removing main.o(.ARM.exidx.text.isPressed_2), (8 bytes).
    Removing main.o(.ARM.exidx.text.task1PollInput), (8 bytes).
    Removing main.o(.ARM.exidx.text.task2ControlLight), (8 bytes).
    Removing main.o(.ARM.exidx.text.task3ControlMotor), (8 bytes).
    Removing main.o(.ARM.exidx.text.task4UpdateMotor), (8 bytes).
    Removing main.o(.ARM.exidx.text.main), (8 bytes).
    Removing main.o(.ARM.use_no_argv), (4 bytes).
    Removing systick.o(.text), (0 bytes).
    Removing systick.o(.ARM.exidx.text.Init_SysTick), (8 bytes).
    Removing systick.o(.ARM.exidx.text.SysTick_Handler), (8 bytes).
    Removing systick.o(.ARM.exidx.text.waitSysTickCounter), (8 bytes).
    Removing steppermotor.o(.text), (0 bytes).
    Removing steppermotor.o(.ARM.exidx.text.initMotor), (8 bytes).
    Removing steppermotor.o(.ARM.exidx.text.setStep), (8 bytes).
    Removing steppermotor.o(.ARM.exidx.text.stopMotor), (8 bytes).
    Removing steppermotor.o(.ARM.exidx.text.isMoving), (8 bytes).
    Removing steppermotor.o(.ARM.exidx.text.moveSteps), (8 bytes).
    Removing steppermotor.o(.text.getSteps), (4 bytes).
    Removing steppermotor.o(.ARM.exidx.text.getSteps), (8 bytes).
    Removing steppermotor.o(.text.nextClockwise), (28 bytes).
    Removing steppermotor.o(.ARM.exidx.text.nextClockwise), (8 bytes).
    Removing steppermotor.o(.text.nextAntiCwise), (28 bytes).
    Removing steppermotor.o(.ARM.exidx.text.nextAntiCwise), (8 bytes).
    Removing steppermotor.o(.ARM.exidx.text.updateMotor), (8 bytes).
    Removing pit.o(.text), (0 bytes).
    Removing pit.o(.ARM.exidx.text.configurePIT), (8 bytes).
    Removing pit.o(.ARM.exidx.text.startTimer), (8 bytes).
    Removing pit.o(.text.stopTimer), (20 bytes).
    Removing pit.o(.ARM.exidx.text.stopTimer), (8 bytes).
    Removing pit.o(.ARM.exidx.text.setTimer), (8 bytes).
    Removing pit.o(.ARM.exidx.text.PIT_IRQHandler), (8 bytes).
    Removing system_mkl25z4.o(.text), (0 bytes).
    Removing system_mkl25z4.o(.ARM.exidx.text.SystemInit), (8 bytes).
    Removing system_mkl25z4.o(.text.SystemCoreClockUpdate), (276 bytes).
    Removing system_mkl25z4.o(.ARM.exidx.text.SystemCoreClockUpdate), (8 bytes).

49 unused section(s) (total 892 bytes) removed from the image.

==============================================================================

Image Symbol Table

    Local Symbols

    Symbol Name                              Value     Ov Type        Size  Object(Section)

    RESET                                    0x00000000   Section      192  startup_mkl25z4.o(RESET)
    ../clib/angel/boardlib.s                 0x00000000   Number         0  boardinit1.o ABSOLUTE
    ../clib/angel/boardlib.s                 0x00000000   Number         0  boardinit2.o ABSOLUTE
    ../clib/angel/boardlib.s                 0x00000000   Number         0  boardinit3.o ABSOLUTE
    ../clib/angel/boardlib.s                 0x00000000   Number         0  boardshut.o ABSOLUTE
    ../clib/angel/handlers.s                 0x00000000   Number         0  __scatter_copy.o ABSOLUTE
    ../clib/angel/handlers.s                 0x00000000   Number         0  __scatter_zi.o ABSOLUTE
    ../clib/angel/kernel.s                   0x00000000   Number         0  rtexit.o ABSOLUTE
    ../clib/angel/kernel.s                   0x00000000   Number         0  __rtentry2.o ABSOLUTE
    ../clib/angel/kernel.s                   0x00000000   Number         0  __rtentry.o ABSOLUTE
    ../clib/angel/kernel.s                   0x00000000   Number         0  __rtentry4.o ABSOLUTE
    ../clib/angel/kernel.s                   0x00000000   Number         0  rtexit2.o ABSOLUTE
    ../clib/angel/rt.s                       0x00000000   Number         0  rt_div0.o ABSOLUTE
    ../clib/angel/rt.s                       0x00000000   Number         0  aeabi_idiv0_sigfpe.o ABSOLUTE
    ../clib/angel/rt.s                       0x00000000   Number         0  rt_raise.o ABSOLUTE
    ../clib/angel/rt.s                       0x00000000   Number         0  aeabi_idiv0.o ABSOLUTE
    ../clib/angel/scatterp.s                 0x00000000   Number         0  __scatter.o ABSOLUTE
    ../clib/angel/startup.s                  0x00000000   Number         0  __main.o ABSOLUTE
    ../clib/angel/sys.s                      0x00000000   Number         0  libspace.o ABSOLUTE
    ../clib/angel/sys.s                      0x00000000   Number         0  tempstk.o ABSOLUTE
    ../clib/angel/sys.s                      0x00000000   Number         0  indicate_semi.o ABSOLUTE
    ../clib/angel/sys.s                      0x00000000   Number         0  use_no_semi.o ABSOLUTE
    ../clib/angel/sys.s                      0x00000000   Number         0  sys_stackheap_outer.o ABSOLUTE
    ../clib/angel/sysapp.c                   0x00000000   Number         0  sys_command.o ABSOLUTE
    ../clib/angel/sysapp.c                   0x00000000   Number         0  sys_command_hlt.o ABSOLUTE
    ../clib/angel/sysapp.c                   0x00000000   Number         0  sys_wrch_hlt.o ABSOLUTE
    ../clib/angel/sysapp.c                   0x00000000   Number         0  sys_wrch.o ABSOLUTE
    ../clib/angel/sysapp.c                   0x00000000   Number         0  sys_exit_hlt.o ABSOLUTE
    ../clib/angel/sysapp.c                   0x00000000   Number         0  sys_exit.o ABSOLUTE
    ../clib/armsys.c                         0x00000000   Number         0  no_argv.o ABSOLUTE
    ../clib/armsys.c                         0x00000000   Number         0  argv_veneer.o ABSOLUTE
    ../clib/armsys.c                         0x00000000   Number         0  _get_argv_nomalloc.o ABSOLUTE
    ../clib/division.s                       0x00000000   Number         0  aeabi_sdiv_div0.o ABSOLUTE
    ../clib/division.s                       0x00000000   Number         0  aeabi_sdiv.o ABSOLUTE
    ../clib/heapalloc.c                      0x00000000   Number         0  hrguard.o ABSOLUTE
    ../clib/heapaux.c                        0x00000000   Number         0  heapauxi.o ABSOLUTE
    ../clib/libinit.s                        0x00000000   Number         0  libinit.o ABSOLUTE
    ../clib/libinit.s                        0x00000000   Number         0  libshutdown2.o ABSOLUTE
    ../clib/libinit.s                        0x00000000   Number         0  libinit2.o ABSOLUTE
    ../clib/libinit.s                        0x00000000   Number         0  libshutdown.o ABSOLUTE
    ../clib/signal.c                         0x00000000   Number         0  defsig_fpe_outer.o ABSOLUTE
    ../clib/signal.c                         0x00000000   Number         0  defsig_other.o ABSOLUTE
    ../clib/signal.c                         0x00000000   Number         0  defsig_segv_inner.o ABSOLUTE
    ../clib/signal.c                         0x00000000   Number         0  defsig_cppl_inner.o ABSOLUTE
    ../clib/signal.c                         0x00000000   Number         0  defsig_pvfn_inner.o ABSOLUTE
    ../clib/signal.c                         0x00000000   Number         0  defsig_stak_inner.o ABSOLUTE
    ../clib/signal.c                         0x00000000   Number         0  defsig_rtmem_formal.o ABSOLUTE
    ../clib/signal.c                         0x00000000   Number         0  defsig_rtmem_inner.o ABSOLUTE
    ../clib/signal.c                         0x00000000   Number         0  defsig_rtred_inner.o ABSOLUTE
    ../clib/signal.c                         0x00000000   Number         0  defsig_abrt_inner.o ABSOLUTE
    ../clib/signal.c                         0x00000000   Number         0  defsig_general.o ABSOLUTE
    ../clib/signal.c                         0x00000000   Number         0  __raise.o ABSOLUTE
    ../clib/signal.c                         0x00000000   Number         0  defsig_rtmem_outer.o ABSOLUTE
    ../clib/signal.c                         0x00000000   Number         0  defsig_fpe_inner.o ABSOLUTE
    ../clib/signal.c                         0x00000000   Number         0  defsig_exit.o ABSOLUTE
    ../clib/signal.c                         0x00000000   Number         0  defsig_fpe_formal.o ABSOLUTE
    ../clib/signal.s                         0x00000000   Number         0  defsig.o ABSOLUTE
    ../clib/stdlib.c                         0x00000000   Number         0  exit.o ABSOLUTE
    ../fplib/cfplib/fpinit.c                 0x00000000   Number         0  fpinit.o ABSOLUTE
    RTE/Device/MKL25Z128xxx4/system_MKL25Z4.c 0x00000000   Number         0  system_mkl25z4.o ABSOLUTE
    RTE\Device\MKL25Z128xxx4\startup_MKL25Z4.s 0x00000000   Number         0  startup_mkl25z4.o ABSOLUTE
    dc.s                                     0x00000000   Number         0  dc.o ABSOLUTE
    src/PIT.c                                0x00000000   Number         0  pit.o ABSOLUTE
    src/SysTick.c                            0x00000000   Number         0  systick.o ABSOLUTE
    src/main.c                               0x00000000   Number         0  main.o ABSOLUTE
    src/stepperMotor.c                       0x00000000   Number         0  steppermotor.o ABSOLUTE
    !!!main                                  0x000000c0   Section        8  __main.o(!!!main)
    !!!scatter                               0x000000c8   Section       60  __scatter.o(!!!scatter)
    !!handler_copy                           0x00000104   Section       26  __scatter_copy.o(!!handler_copy)
    !!handler_zi                             0x00000120   Section       28  __scatter_zi.o(!!handler_zi)
    .ARM.Collect$$libinit$$00000000          0x0000013c   Section        2  libinit.o(.ARM.Collect$$libinit$$00000000)
    .ARM.Collect$$libinit$$00000002          0x0000013e   Section        0  libinit2.o(.ARM.Collect$$libinit$$00000002)
    .ARM.Collect$$libinit$$00000004          0x0000013e   Section        0  libinit2.o(.ARM.Collect$$libinit$$00000004)
    .ARM.Collect$$libinit$$0000000A          0x0000013e   Section        0  libinit2.o(.ARM.Collect$$libinit$$0000000A)
    .ARM.Collect$$libinit$$0000000C          0x0000013e   Section        0  libinit2.o(.ARM.Collect$$libinit$$0000000C)
    .ARM.Collect$$libinit$$0000000E          0x0000013e   Section        0  libinit2.o(.ARM.Collect$$libinit$$0000000E)
    .ARM.Collect$$libinit$$00000011          0x0000013e   Section        0  libinit2.o(.ARM.Collect$$libinit$$00000011)
    .ARM.Collect$$libinit$$00000013          0x0000013e   Section        0  libinit2.o(.ARM.Collect$$libinit$$00000013)
    .ARM.Collect$$libinit$$00000015          0x0000013e   Section        0  libinit2.o(.ARM.Collect$$libinit$$00000015)
    .ARM.Collect$$libinit$$00000017          0x0000013e   Section        0  libinit2.o(.ARM.Collect$$libinit$$00000017)
    .ARM.Collect$$libinit$$00000019          0x0000013e   Section        0  libinit2.o(.ARM.Collect$$libinit$$00000019)
    .ARM.Collect$$libinit$$0000001B          0x0000013e   Section        0  libinit2.o(.ARM.Collect$$libinit$$0000001B)
    .ARM.Collect$$libinit$$0000001D          0x0000013e   Section        0  libinit2.o(.ARM.Collect$$libinit$$0000001D)
    .ARM.Collect$$libinit$$0000001F          0x0000013e   Section        0  libinit2.o(.ARM.Collect$$libinit$$0000001F)
    .ARM.Collect$$libinit$$00000021          0x0000013e   Section        0  libinit2.o(.ARM.Collect$$libinit$$00000021)
    .ARM.Collect$$libinit$$00000023          0x0000013e   Section        0  libinit2.o(.ARM.Collect$$libinit$$00000023)
    .ARM.Collect$$libinit$$00000025          0x0000013e   Section        0  libinit2.o(.ARM.Collect$$libinit$$00000025)
    .ARM.Collect$$libinit$$0000002C          0x0000013e   Section        0  libinit2.o(.ARM.Collect$$libinit$$0000002C)
    .ARM.Collect$$libinit$$0000002E          0x0000013e   Section        0  libinit2.o(.ARM.Collect$$libinit$$0000002E)
    .ARM.Collect$$libinit$$00000030          0x0000013e   Section        0  libinit2.o(.ARM.Collect$$libinit$$00000030)
    .ARM.Collect$$libinit$$00000032          0x0000013e   Section        0  libinit2.o(.ARM.Collect$$libinit$$00000032)
    .ARM.Collect$$libinit$$00000033          0x0000013e   Section        2  libinit2.o(.ARM.Collect$$libinit$$00000033)
    .ARM.Collect$$libshutdown$$00000000      0x00000140   Section        2  libshutdown.o(.ARM.Collect$$libshutdown$$00000000)
    .ARM.Collect$$libshutdown$$00000002      0x00000142   Section        0  libshutdown2.o(.ARM.Collect$$libshutdown$$00000002)
    .ARM.Collect$$libshutdown$$00000004      0x00000142   Section        0  libshutdown2.o(.ARM.Collect$$libshutdown$$00000004)
    .ARM.Collect$$libshutdown$$00000007      0x00000142   Section        0  libshutdown2.o(.ARM.Collect$$libshutdown$$00000007)
    .ARM.Collect$$libshutdown$$0000000A      0x00000142   Section        0  libshutdown2.o(.ARM.Collect$$libshutdown$$0000000A)
    .ARM.Collect$$libshutdown$$0000000C      0x00000142   Section        0  libshutdown2.o(.ARM.Collect$$libshutdown$$0000000C)
    .ARM.Collect$$libshutdown$$0000000F      0x00000142   Section        0  libshutdown2.o(.ARM.Collect$$libshutdown$$0000000F)
    .ARM.Collect$$libshutdown$$00000010      0x00000142   Section        2  libshutdown2.o(.ARM.Collect$$libshutdown$$00000010)
    .ARM.Collect$$rtentry$$00000000          0x00000144   Section        0  __rtentry.o(.ARM.Collect$$rtentry$$00000000)
    .ARM.Collect$$rtentry$$00000002          0x00000144   Section        0  __rtentry2.o(.ARM.Collect$$rtentry$$00000002)
    .ARM.Collect$$rtentry$$00000004          0x00000144   Section        6  __rtentry4.o(.ARM.Collect$$rtentry$$00000004)
    .ARM.Collect$$rtentry$$00000009          0x0000014a   Section        0  __rtentry2.o(.ARM.Collect$$rtentry$$00000009)
    .ARM.Collect$$rtentry$$0000000A          0x0000014a   Section        4  __rtentry2.o(.ARM.Collect$$rtentry$$0000000A)
    .ARM.Collect$$rtentry$$0000000C          0x0000014e   Section        0  __rtentry2.o(.ARM.Collect$$rtentry$$0000000C)
    .ARM.Collect$$rtentry$$0000000D          0x0000014e   Section        8  __rtentry2.o(.ARM.Collect$$rtentry$$0000000D)
    .ARM.Collect$$rtexit$$00000000           0x00000156   Section        2  rtexit.o(.ARM.Collect$$rtexit$$00000000)
    .ARM.Collect$$rtexit$$00000002           0x00000158   Section        0  rtexit2.o(.ARM.Collect$$rtexit$$00000002)
    .ARM.Collect$$rtexit$$00000003           0x00000158   Section        4  rtexit2.o(.ARM.Collect$$rtexit$$00000003)
    .ARM.Collect$$rtexit$$00000004           0x0000015c   Section        6  rtexit2.o(.ARM.Collect$$rtexit$$00000004)
    .text                                    0x00000164   Section       64  startup_mkl25z4.o(.text)
    .text                                    0x000001a4   Section      346  aeabi_sdiv.o(.text)
    .text                                    0x000002fe   Section        0  heapauxi.o(.text)
    .text                                    0x00000304   Section       62  sys_stackheap_outer.o(.text)
    .text                                    0x00000342   Section        0  exit.o(.text)
    .text                                    0x00000354   Section        8  libspace.o(.text)
    .text                                    0x0000035c   Section        0  sys_exit.o(.text)
    .text                                    0x00000368   Section        2  use_no_semi.o(.text)
    .text                                    0x0000036a   Section        0  indicate_semi.o(.text)
    [Anonymous Symbol]                       0x0000036c   Section        0  systick.o(.text.Init_SysTick)
    __arm_cp.0_0                             0x000003a0   Number         4  systick.o(.text.Init_SysTick)
    __arm_cp.0_1                             0x000003a4   Number         4  systick.o(.text.Init_SysTick)
    __arm_cp.0_2                             0x000003a8   Number         4  systick.o(.text.Init_SysTick)
    __arm_cp.0_3                             0x000003ac   Number         4  systick.o(.text.Init_SysTick)
    [Anonymous Symbol]                       0x000003b0   Section        0  pit.o(.text.PIT_IRQHandler)
    __arm_cp.4_1                             0x000003d4   Number         4  pit.o(.text.PIT_IRQHandler)
    [Anonymous Symbol]                       0x000003d8   Section        0  systick.o(.text.SysTick_Handler)
    __arm_cp.1_0                             0x000003e8   Number         4  systick.o(.text.SysTick_Handler)
    [Anonymous Symbol]                       0x000003ec   Section        0  system_mkl25z4.o(.text.SystemInit)
    __arm_cp.0_0                             0x000003f4   Number         4  system_mkl25z4.o(.text.SystemInit)
    [Anonymous Symbol]                       0x000003f8   Section        0  steppermotor.o(.text.stopMotor)
    .ARM.__at_0x400                          0x00000400   Section       16  startup_mkl25z4.o(.ARM.__at_0x400)
    [Anonymous Symbol]                       0x00000410   Section        0  pit.o(.text.configurePIT)
    __arm_cp.0_0                             0x00000450   Number         4  pit.o(.text.configurePIT)
    __arm_cp.0_1                             0x00000454   Number         4  pit.o(.text.configurePIT)
    __arm_cp.0_3                             0x00000458   Number         4  pit.o(.text.configurePIT)
    __arm_cp.0_4                             0x0000045c   Number         4  pit.o(.text.configurePIT)
    __arm_cp.0_5                             0x00000460   Number         4  pit.o(.text.configurePIT)
    [Anonymous Symbol]                       0x00000464   Section        0  steppermotor.o(.text.initMotor)
    __arm_cp.0_0                             0x00000518   Number         4  steppermotor.o(.text.initMotor)
    __arm_cp.0_1                             0x0000051c   Number         4  steppermotor.o(.text.initMotor)
    __arm_cp.0_3                             0x00000520   Number         4  steppermotor.o(.text.initMotor)
    __arm_cp.0_4                             0x00000524   Number         4  steppermotor.o(.text.initMotor)
    __arm_cp.0_5                             0x00000528   Number         4  steppermotor.o(.text.initMotor)
    __arm_cp.0_6                             0x0000052c   Number         4  steppermotor.o(.text.initMotor)
    [Anonymous Symbol]                       0x00000530   Section        0  steppermotor.o(.text.isMoving)
    [Anonymous Symbol]                       0x0000053c   Section        0  main.o(.text.main)
    __arm_cp.11_0                            0x000005fc   Number         4  main.o(.text.main)
    __arm_cp.11_1                            0x00000600   Number         4  main.o(.text.main)
    __arm_cp.11_2                            0x00000604   Number         4  main.o(.text.main)
    __arm_cp.11_4                            0x00000608   Number         4  main.o(.text.main)
    __arm_cp.11_6                            0x0000060c   Number         4  main.o(.text.main)
    __arm_cp.11_7                            0x00000610   Number         4  main.o(.text.main)
    __arm_cp.11_8                            0x00000614   Number         4  main.o(.text.main)
    __arm_cp.11_9                            0x00000618   Number         4  main.o(.text.main)
    [Anonymous Symbol]                       0x0000061c   Section        0  steppermotor.o(.text.moveSteps)
    [Anonymous Symbol]                       0x00000658   Section        0  steppermotor.o(.text.setStep)
    [Anonymous Symbol]                       0x000006d4   Section        0  pit.o(.text.setTimer)
    __arm_cp.3_0                             0x000006dc   Number         4  pit.o(.text.setTimer)
    [Anonymous Symbol]                       0x000006e0   Section        0  pit.o(.text.startTimer)
    __arm_cp.1_0                             0x000006f0   Number         4  pit.o(.text.startTimer)
    [Anonymous Symbol]                       0x000006f4   Section        0  main.o(.text.task1PollInput)
    __arm_cp.7_0                             0x00000784   Number         4  main.o(.text.task1PollInput)
    __arm_cp.7_1                             0x00000788   Number         4  main.o(.text.task1PollInput)
    __arm_cp.7_2                             0x0000078c   Number         4  main.o(.text.task1PollInput)
    [Anonymous Symbol]                       0x00000790   Section        0  main.o(.text.task2ControlLight)
    __arm_cp.8_1                             0x000007d0   Number         4  main.o(.text.task2ControlLight)
    [Anonymous Symbol]                       0x000007d4   Section        0  main.o(.text.task3ControlMotor)
    __arm_cp.9_0                             0x000008fc   Number         4  main.o(.text.task3ControlMotor)
    __arm_cp.9_1                             0x00000900   Number         4  main.o(.text.task3ControlMotor)
    __arm_cp.9_3                             0x00000904   Number         4  main.o(.text.task3ControlMotor)
    __arm_cp.9_4                             0x00000908   Number         4  main.o(.text.task3ControlMotor)
    __arm_cp.9_5                             0x0000090c   Number         4  main.o(.text.task3ControlMotor)
    __arm_cp.9_6                             0x00000910   Number         4  main.o(.text.task3ControlMotor)
    __arm_cp.9_10                            0x00000914   Number         4  main.o(.text.task3ControlMotor)
    __arm_cp.9_11                            0x00000918   Number         4  main.o(.text.task3ControlMotor)
    __arm_cp.9_12                            0x0000091c   Number         4  main.o(.text.task3ControlMotor)
    [Anonymous Symbol]                       0x00000920   Section        0  main.o(.text.task4UpdateMotor)
    __arm_cp.10_0                            0x0000097c   Number         4  main.o(.text.task4UpdateMotor)
    __arm_cp.10_1                            0x00000980   Number         4  main.o(.text.task4UpdateMotor)
    __arm_cp.10_2                            0x00000984   Number         4  main.o(.text.task4UpdateMotor)
    __arm_cp.10_3                            0x00000988   Number         4  main.o(.text.task4UpdateMotor)
    __arm_cp.10_4                            0x0000098c   Number         4  main.o(.text.task4UpdateMotor)
    __arm_cp.10_5                            0x00000990   Number         4  main.o(.text.task4UpdateMotor)
    __arm_cp.10_6                            0x00000994   Number         4  main.o(.text.task4UpdateMotor)
    [Anonymous Symbol]                       0x00000998   Section        0  steppermotor.o(.text.updateMotor)
    [Anonymous Symbol]                       0x00000a34   Section        0  systick.o(.text.waitSysTickCounter)
    __arm_cp.2_0                             0x00000a40   Number         4  systick.o(.text.waitSysTickCounter)
    .bss                                     0x1ffff068   Section       96  libspace.o(.bss)
    HEAP                                     0x1ffff120   Section        0  startup_mkl25z4.o(HEAP)
    STACK                                    0x1ffff120   Section      256  startup_mkl25z4.o(STACK)
    Heap_Mem                                 0x1ffff120   Data           0  startup_mkl25z4.o(HEAP)
    Stack_Mem                                0x1ffff120   Data         256  startup_mkl25z4.o(STACK)
    __initial_sp                             0x1ffff220   Data           0  startup_mkl25z4.o(STACK)

    Global Symbols

    Symbol Name                              Value     Ov Type        Size  Object(Section)

    BuildAttributes$$THM_ISAv3M$S$PE$A:L22$X:L11$S22$IEEE1$IW$~IW$USESV6$~STKCKD$USESV7$~SHL$OSPACE$ROPI$EBA8$UX$STANDARDLIB$REQ8$PRES8$EABIv2 0x00000000   Number         0  anon$$obj.o ABSOLUTE
    __Vectors                                0x00000000   Data           4  startup_mkl25z4.o(RESET)
    __ARM_exceptions_init                     - Undefined Weak Reference
    __alloca_initialize                       - Undefined Weak Reference
    __arm_preinit_                            - Undefined Weak Reference
    __cpp_initialize__aeabi_                  - Undefined Weak Reference
    __cxa_finalize                            - Undefined Weak Reference
    __rt_locale                               - Undefined Weak Reference
    __sigvec_lookup                           - Undefined Weak Reference
    _atexit_init                              - Undefined Weak Reference
    _call_atexit_fns                          - Undefined Weak Reference
    _clock_init                               - Undefined Weak Reference
    _fp_trap_init                             - Undefined Weak Reference
    _fp_trap_shutdown                         - Undefined Weak Reference
    _get_lc_collate                           - Undefined Weak Reference
    _get_lc_ctype                             - Undefined Weak Reference
    _get_lc_monetary                          - Undefined Weak Reference
    _get_lc_numeric                           - Undefined Weak Reference
    _get_lc_time                              - Undefined Weak Reference
    _getenv_init                              - Undefined Weak Reference
    _handle_redirection                       - Undefined Weak Reference
    _init_alloc                               - Undefined Weak Reference
    _init_user_alloc                          - Undefined Weak Reference
    _initio                                   - Undefined Weak Reference
    _rand_init                                - Undefined Weak Reference
    _signal_finish                            - Undefined Weak Reference
    _signal_init                              - Undefined Weak Reference
    _terminate_alloc                          - Undefined Weak Reference
    _terminate_user_alloc                     - Undefined Weak Reference
    _terminateio                              - Undefined Weak Reference
    __Vectors_End                            0x000000c0   Data           0  startup_mkl25z4.o(RESET)
    __Vectors_Size                           0x000000c0   Number         0  startup_mkl25z4.o ABSOLUTE
    __main                                   0x000000c1   Thumb Code     8  __main.o(!!!main)
    __scatterload                            0x000000c9   Thumb Code     0  __scatter.o(!!!scatter)
    __scatterload_rt2                        0x000000c9   Thumb Code    52  __scatter.o(!!!scatter)
    __scatterload_rt2_thumb_only             0x000000c9   Thumb Code     0  __scatter.o(!!!scatter)
    __scatterload_null                       0x000000d9   Thumb Code     0  __scatter.o(!!!scatter)
    __scatterload_copy                       0x00000105   Thumb Code    26  __scatter_copy.o(!!handler_copy)
    __scatterload_zeroinit                   0x00000121   Thumb Code    28  __scatter_zi.o(!!handler_zi)
    __rt_lib_init                            0x0000013d   Thumb Code     0  libinit.o(.ARM.Collect$$libinit$$00000000)
    __rt_lib_init_alloca_1                   0x0000013f   Thumb Code     0  libinit2.o(.ARM.Collect$$libinit$$0000002E)
    __rt_lib_init_argv_1                     0x0000013f   Thumb Code     0  libinit2.o(.ARM.Collect$$libinit$$0000002C)
    __rt_lib_init_atexit_1                   0x0000013f   Thumb Code     0  libinit2.o(.ARM.Collect$$libinit$$0000001B)
    __rt_lib_init_clock_1                    0x0000013f   Thumb Code     0  libinit2.o(.ARM.Collect$$libinit$$00000021)
    __rt_lib_init_cpp_1                      0x0000013f   Thumb Code     0  libinit2.o(.ARM.Collect$$libinit$$00000032)
    __rt_lib_init_exceptions_1               0x0000013f   Thumb Code     0  libinit2.o(.ARM.Collect$$libinit$$00000030)
    __rt_lib_init_fp_1                       0x0000013f   Thumb Code     0  libinit2.o(.ARM.Collect$$libinit$$00000002)
    __rt_lib_init_fp_trap_1                  0x0000013f   Thumb Code     0  libinit2.o(.ARM.Collect$$libinit$$0000001F)
    __rt_lib_init_getenv_1                   0x0000013f   Thumb Code     0  libinit2.o(.ARM.Collect$$libinit$$00000023)
    __rt_lib_init_heap_1                     0x0000013f   Thumb Code     0  libinit2.o(.ARM.Collect$$libinit$$0000000A)
    __rt_lib_init_lc_collate_1               0x0000013f   Thumb Code     0  libinit2.o(.ARM.Collect$$libinit$$00000011)
    __rt_lib_init_lc_ctype_1                 0x0000013f   Thumb Code     0  libinit2.o(.ARM.Collect$$libinit$$00000013)
    __rt_lib_init_lc_monetary_1              0x0000013f   Thumb Code     0  libinit2.o(.ARM.Collect$$libinit$$00000015)
    __rt_lib_init_lc_numeric_1               0x0000013f   Thumb Code     0  libinit2.o(.ARM.Collect$$libinit$$00000017)
    __rt_lib_init_lc_time_1                  0x0000013f   Thumb Code     0  libinit2.o(.ARM.Collect$$libinit$$00000019)
    __rt_lib_init_preinit_1                  0x0000013f   Thumb Code     0  libinit2.o(.ARM.Collect$$libinit$$00000004)
    __rt_lib_init_rand_1                     0x0000013f   Thumb Code     0  libinit2.o(.ARM.Collect$$libinit$$0000000E)
    __rt_lib_init_return                     0x0000013f   Thumb Code     0  libinit2.o(.ARM.Collect$$libinit$$00000033)
    __rt_lib_init_signal_1                   0x0000013f   Thumb Code     0  libinit2.o(.ARM.Collect$$libinit$$0000001D)
    __rt_lib_init_stdio_1                    0x0000013f   Thumb Code     0  libinit2.o(.ARM.Collect$$libinit$$00000025)
    __rt_lib_init_user_alloc_1               0x0000013f   Thumb Code     0  libinit2.o(.ARM.Collect$$libinit$$0000000C)
    __rt_lib_shutdown                        0x00000141   Thumb Code     0  libshutdown.o(.ARM.Collect$$libshutdown$$00000000)
    __rt_lib_shutdown_cpp_1                  0x00000143   Thumb Code     0  libshutdown2.o(.ARM.Collect$$libshutdown$$00000002)
    __rt_lib_shutdown_fp_trap_1              0x00000143   Thumb Code     0  libshutdown2.o(.ARM.Collect$$libshutdown$$00000007)
    __rt_lib_shutdown_heap_1                 0x00000143   Thumb Code     0  libshutdown2.o(.ARM.Collect$$libshutdown$$0000000F)
    __rt_lib_shutdown_return                 0x00000143   Thumb Code     0  libshutdown2.o(.ARM.Collect$$libshutdown$$00000010)
    __rt_lib_shutdown_signal_1               0x00000143   Thumb Code     0  libshutdown2.o(.ARM.Collect$$libshutdown$$0000000A)
    __rt_lib_shutdown_stdio_1                0x00000143   Thumb Code     0  libshutdown2.o(.ARM.Collect$$libshutdown$$00000004)
    __rt_lib_shutdown_user_alloc_1           0x00000143   Thumb Code     0  libshutdown2.o(.ARM.Collect$$libshutdown$$0000000C)
    __rt_entry                               0x00000145   Thumb Code     0  __rtentry.o(.ARM.Collect$$rtentry$$00000000)
    __rt_entry_presh_1                       0x00000145   Thumb Code     0  __rtentry2.o(.ARM.Collect$$rtentry$$00000002)
    __rt_entry_sh                            0x00000145   Thumb Code     0  __rtentry4.o(.ARM.Collect$$rtentry$$00000004)
    __rt_entry_li                            0x0000014b   Thumb Code     0  __rtentry2.o(.ARM.Collect$$rtentry$$0000000A)
    __rt_entry_postsh_1                      0x0000014b   Thumb Code     0  __rtentry2.o(.ARM.Collect$$rtentry$$00000009)
    __rt_entry_main                          0x0000014f   Thumb Code     0  __rtentry2.o(.ARM.Collect$$rtentry$$0000000D)
    __rt_entry_postli_1                      0x0000014f   Thumb Code     0  __rtentry2.o(.ARM.Collect$$rtentry$$0000000C)
    __rt_exit                                0x00000157   Thumb Code     0  rtexit.o(.ARM.Collect$$rtexit$$00000000)
    __rt_exit_ls                             0x00000159   Thumb Code     0  rtexit2.o(.ARM.Collect$$rtexit$$00000003)
    __rt_exit_prels_1                        0x00000159   Thumb Code     0  rtexit2.o(.ARM.Collect$$rtexit$$00000002)
    __rt_exit_exit                           0x0000015d   Thumb Code     0  rtexit2.o(.ARM.Collect$$rtexit$$00000004)
    Reset_Handler                            0x00000165   Thumb Code    12  startup_mkl25z4.o(.text)
    NMI_Handler                              0x00000171   Thumb Code     2  startup_mkl25z4.o(.text)
    HardFault_Handler                        0x00000173   Thumb Code     2  startup_mkl25z4.o(.text)
    SVC_Handler                              0x00000175   Thumb Code     2  startup_mkl25z4.o(.text)
    PendSV_Handler                           0x00000177   Thumb Code     2  startup_mkl25z4.o(.text)
    ADC0_IRQHandler                          0x0000017b   Thumb Code     0  startup_mkl25z4.o(.text)
    CMP0_IRQHandler                          0x0000017b   Thumb Code     0  startup_mkl25z4.o(.text)
    DAC0_IRQHandler                          0x0000017b   Thumb Code     0  startup_mkl25z4.o(.text)
    DMA0_IRQHandler                          0x0000017b   Thumb Code     0  startup_mkl25z4.o(.text)
    DMA1_IRQHandler                          0x0000017b   Thumb Code     0  startup_mkl25z4.o(.text)
    DMA2_IRQHandler                          0x0000017b   Thumb Code     0  startup_mkl25z4.o(.text)
    DMA3_IRQHandler                          0x0000017b   Thumb Code     0  startup_mkl25z4.o(.text)
    DefaultISR                               0x0000017b   Thumb Code     0  startup_mkl25z4.o(.text)
    FTFA_IRQHandler                          0x0000017b   Thumb Code     0  startup_mkl25z4.o(.text)
    I2C0_IRQHandler                          0x0000017b   Thumb Code     0  startup_mkl25z4.o(.text)
    I2C1_IRQHandler                          0x0000017b   Thumb Code     0  startup_mkl25z4.o(.text)
    LLWU_IRQHandler                          0x0000017b   Thumb Code     0  startup_mkl25z4.o(.text)
    LPTMR0_IRQHandler                        0x0000017b   Thumb Code     0  startup_mkl25z4.o(.text)
    LVD_LVW_IRQHandler                       0x0000017b   Thumb Code     0  startup_mkl25z4.o(.text)
    MCG_IRQHandler                           0x0000017b   Thumb Code     0  startup_mkl25z4.o(.text)
    PORTA_IRQHandler                         0x0000017b   Thumb Code     0  startup_mkl25z4.o(.text)
    PORTD_IRQHandler                         0x0000017b   Thumb Code     0  startup_mkl25z4.o(.text)
    RTC_IRQHandler                           0x0000017b   Thumb Code     0  startup_mkl25z4.o(.text)
    RTC_Seconds_IRQHandler                   0x0000017b   Thumb Code     0  startup_mkl25z4.o(.text)
    Reserved20_IRQHandler                    0x0000017b   Thumb Code     0  startup_mkl25z4.o(.text)
    Reserved39_IRQHandler                    0x0000017b   Thumb Code     0  startup_mkl25z4.o(.text)
    Reserved45_IRQHandler                    0x0000017b   Thumb Code     0  startup_mkl25z4.o(.text)
    SPI0_IRQHandler                          0x0000017b   Thumb Code     0  startup_mkl25z4.o(.text)
    SPI1_IRQHandler                          0x0000017b   Thumb Code     0  startup_mkl25z4.o(.text)
    TPM0_IRQHandler                          0x0000017b   Thumb Code     0  startup_mkl25z4.o(.text)
    TPM1_IRQHandler                          0x0000017b   Thumb Code     0  startup_mkl25z4.o(.text)
    TPM2_IRQHandler                          0x0000017b   Thumb Code     0  startup_mkl25z4.o(.text)
    TSI0_IRQHandler                          0x0000017b   Thumb Code     0  startup_mkl25z4.o(.text)
    UART0_IRQHandler                         0x0000017b   Thumb Code     0  startup_mkl25z4.o(.text)
    UART1_IRQHandler                         0x0000017b   Thumb Code     0  startup_mkl25z4.o(.text)
    UART2_IRQHandler                         0x0000017b   Thumb Code     0  startup_mkl25z4.o(.text)
    USB0_IRQHandler                          0x0000017b   Thumb Code     0  startup_mkl25z4.o(.text)
    __user_initial_stackheap                 0x00000181   Thumb Code     0  startup_mkl25z4.o(.text)
    __aeabi_uidiv                            0x000001a5   Thumb Code     0  aeabi_sdiv.o(.text)
    __aeabi_uidivmod                         0x000001a5   Thumb Code    20  aeabi_sdiv.o(.text)
    __aeabi_idiv                             0x000001b9   Thumb Code     0  aeabi_sdiv.o(.text)
    __aeabi_idivmod                          0x000001b9   Thumb Code   326  aeabi_sdiv.o(.text)
    __use_two_region_memory                  0x000002ff   Thumb Code     2  heapauxi.o(.text)
    __rt_heap_escrow$2region                 0x00000301   Thumb Code     2  heapauxi.o(.text)
    __rt_heap_expand$2region                 0x00000303   Thumb Code     2  heapauxi.o(.text)
    __user_setup_stackheap                   0x00000305   Thumb Code    62  sys_stackheap_outer.o(.text)
    exit                                     0x00000343   Thumb Code    16  exit.o(.text)
    __user_libspace                          0x00000355   Thumb Code     8  libspace.o(.text)
    __user_perproc_libspace                  0x00000355   Thumb Code     0  libspace.o(.text)
    __user_perthread_libspace                0x00000355   Thumb Code     0  libspace.o(.text)
    _sys_exit                                0x0000035d   Thumb Code     8  sys_exit.o(.text)
    __I$use$semihosting                      0x00000369   Thumb Code     0  use_no_semi.o(.text)
    __use_no_semihosting_swi                 0x00000369   Thumb Code     2  use_no_semi.o(.text)
    __semihosting_library_function           0x0000036b   Thumb Code     0  indicate_semi.o(.text)
    Init_SysTick                             0x0000036d   Thumb Code    68  systick.o(.text.Init_SysTick)
    PIT_IRQHandler                           0x000003b1   Thumb Code    44  pit.o(.text.PIT_IRQHandler)
    SysTick_Handler                          0x000003d9   Thumb Code    20  systick.o(.text.SysTick_Handler)
    SystemInit                               0x000003ed   Thumb Code    12  system_mkl25z4.o(.text.SystemInit)
    stopMotor                                0x000003f9   Thumb Code     6  steppermotor.o(.text.stopMotor)
    configurePIT                             0x00000411   Thumb Code    88  pit.o(.text.configurePIT)
    initMotor                                0x00000465   Thumb Code   208  steppermotor.o(.text.initMotor)
    isMoving                                 0x00000531   Thumb Code    12  steppermotor.o(.text.isMoving)
    main                                     0x0000053d   Thumb Code   232  main.o(.text.main)
    moveSteps                                0x0000061d   Thumb Code    58  steppermotor.o(.text.moveSteps)
    setStep                                  0x00000659   Thumb Code   124  steppermotor.o(.text.setStep)
    setTimer                                 0x000006d5   Thumb Code    12  pit.o(.text.setTimer)
    startTimer                               0x000006e1   Thumb Code    20  pit.o(.text.startTimer)
    task1PollInput                           0x000006f5   Thumb Code   172  main.o(.text.task1PollInput)
    task2ControlLight                        0x00000791   Thumb Code    72  main.o(.text.task2ControlLight)
    task3ControlMotor                        0x000007d5   Thumb Code   348  main.o(.text.task3ControlMotor)
    task4UpdateMotor                         0x00000921   Thumb Code   120  main.o(.text.task4UpdateMotor)
    updateMotor                              0x00000999   Thumb Code   156  steppermotor.o(.text.updateMotor)
    waitSysTickCounter                       0x00000a35   Thumb Code    16  systick.o(.text.waitSysTickCounter)
    Region$$Table$$Base                      0x00000a44   Number         0  anon$$obj.o(Region$$Table)
    Region$$Table$$Limit                     0x00000a64   Number         0  anon$$obj.o(Region$$Table)
    SystemCoreClock                          0x1ffff000   Data           4  system_mkl25z4.o(.data.SystemCoreClock)
    mov_arr                                  0x1ffff004   Data          32  main.o(.data.mov_arr)
    mov_rot                                  0x1ffff024   Data          32  main.o(.data.mov_rot)
    mov_time                                 0x1ffff044   Data          32  main.o(.data.mov_time)
    __libspace_start                         0x1ffff068   Data          96  libspace.o(.bss)
    SysTickCounter                           0x1ffff0c8   Data           4  systick.o(.bss.SysTickCounter)
    __temporary_stack_top$libspace           0x1ffff0c8   Data           0  libspace.o(.bss)
    b_state                                  0x1ffff0cc   Data           4  main.o(.bss.b_state)
    bounceCounter                            0x1ffff0d0   Data           4  main.o(.bss.bounceCounter)
    counter                                  0x1ffff0d4   Data           4  main.o(.bss.counter)
    delay                                    0x1ffff0d8   Data           4  main.o(.bss.delay)
    m1                                       0x1ffff0dc   Data           4  main.o(.bss.m1)
    mcb                                      0x1ffff0e0   Data          28  main.o(.bss.mcb)
    motorRunning                             0x1ffff0fc   Data           1  main.o(.bss.motorRunning)
    mov_flag                                 0x1ffff100   Data           4  main.o(.bss.mov_flag)
    mov_state                                0x1ffff104   Data           4  main.o(.bss.mov_state)
    pressed                                  0x1ffff108   Data           4  main.o(.bss.pressed)
    pressed_2                                0x1ffff10c   Data           4  main.o(.bss.pressed_2)
    reset_flag                               0x1ffff110   Data           4  main.o(.bss.reset_flag)
    steps_calc                               0x1ffff114   Data           4  main.o(.bss.steps_calc)
    steps_counter                            0x1ffff118   Data           4  main.o(.bss.steps_counter)
    sys_state                                0x1ffff11c   Data           4  main.o(.bss.sys_state)



==============================================================================

Memory Map of the image

  Image Entry point : 0x00000165

  Load Region LR_1 (Base: 0x00000000, Size: 0x00000ac8, Max: 0xffffffff, ABSOLUTE)

    Execution Region ER_RO (Exec base: 0x00000000, Load base: 0x00000000, Size: 0x00000a64, Max: 0xffffffff, ABSOLUTE)

    Exec Addr    Load Addr    Size         Type   Attr      Idx    E Section Name        Object

    0x00000000   0x00000000   0x000000c0   Data   RO          125    RESET               startup_mkl25z4.o
    0x000000c0   0x000000c0   0x00000008   Code   RO          159  * !!!main             c_p.l(__main.o)
    0x000000c8   0x000000c8   0x0000003c   Code   RO          334    !!!scatter          c_p.l(__scatter.o)
    0x00000104   0x00000104   0x0000001a   Code   RO          336    !!handler_copy      c_p.l(__scatter_copy.o)
    0x0000011e   0x0000011e   0x00000002   PAD
    0x00000120   0x00000120   0x0000001c   Code   RO          338    !!handler_zi        c_p.l(__scatter_zi.o)
    0x0000013c   0x0000013c   0x00000002   Code   RO          197    .ARM.Collect$$libinit$$00000000  c_p.l(libinit.o)
    0x0000013e   0x0000013e   0x00000000   Code   RO          211    .ARM.Collect$$libinit$$00000002  c_p.l(libinit2.o)
    0x0000013e   0x0000013e   0x00000000   Code   RO          213    .ARM.Collect$$libinit$$00000004  c_p.l(libinit2.o)
    0x0000013e   0x0000013e   0x00000000   Code   RO          216    .ARM.Collect$$libinit$$0000000A  c_p.l(libinit2.o)
    0x0000013e   0x0000013e   0x00000000   Code   RO          218    .ARM.Collect$$libinit$$0000000C  c_p.l(libinit2.o)
    0x0000013e   0x0000013e   0x00000000   Code   RO          220    .ARM.Collect$$libinit$$0000000E  c_p.l(libinit2.o)
    0x0000013e   0x0000013e   0x00000000   Code   RO          223    .ARM.Collect$$libinit$$00000011  c_p.l(libinit2.o)
    0x0000013e   0x0000013e   0x00000000   Code   RO          225    .ARM.Collect$$libinit$$00000013  c_p.l(libinit2.o)
    0x0000013e   0x0000013e   0x00000000   Code   RO          227    .ARM.Collect$$libinit$$00000015  c_p.l(libinit2.o)
    0x0000013e   0x0000013e   0x00000000   Code   RO          229    .ARM.Collect$$libinit$$00000017  c_p.l(libinit2.o)
    0x0000013e   0x0000013e   0x00000000   Code   RO          231    .ARM.Collect$$libinit$$00000019  c_p.l(libinit2.o)
    0x0000013e   0x0000013e   0x00000000   Code   RO          233    .ARM.Collect$$libinit$$0000001B  c_p.l(libinit2.o)
    0x0000013e   0x0000013e   0x00000000   Code   RO          235    .ARM.Collect$$libinit$$0000001D  c_p.l(libinit2.o)
    0x0000013e   0x0000013e   0x00000000   Code   RO          237    .ARM.Collect$$libinit$$0000001F  c_p.l(libinit2.o)
    0x0000013e   0x0000013e   0x00000000   Code   RO          239    .ARM.Collect$$libinit$$00000021  c_p.l(libinit2.o)
    0x0000013e   0x0000013e   0x00000000   Code   RO          241    .ARM.Collect$$libinit$$00000023  c_p.l(libinit2.o)
    0x0000013e   0x0000013e   0x00000000   Code   RO          243    .ARM.Collect$$libinit$$00000025  c_p.l(libinit2.o)
    0x0000013e   0x0000013e   0x00000000   Code   RO          247    .ARM.Collect$$libinit$$0000002C  c_p.l(libinit2.o)
    0x0000013e   0x0000013e   0x00000000   Code   RO          249    .ARM.Collect$$libinit$$0000002E  c_p.l(libinit2.o)
    0x0000013e   0x0000013e   0x00000000   Code   RO          251    .ARM.Collect$$libinit$$00000030  c_p.l(libinit2.o)
    0x0000013e   0x0000013e   0x00000000   Code   RO          253    .ARM.Collect$$libinit$$00000032  c_p.l(libinit2.o)
    0x0000013e   0x0000013e   0x00000002   Code   RO          254    .ARM.Collect$$libinit$$00000033  c_p.l(libinit2.o)
    0x00000140   0x00000140   0x00000002   Code   RO          289    .ARM.Collect$$libshutdown$$00000000  c_p.l(libshutdown.o)
    0x00000142   0x00000142   0x00000000   Code   RO          317    .ARM.Collect$$libshutdown$$00000002  c_p.l(libshutdown2.o)
    0x00000142   0x00000142   0x00000000   Code   RO          319    .ARM.Collect$$libshutdown$$00000004  c_p.l(libshutdown2.o)
    0x00000142   0x00000142   0x00000000   Code   RO          322    .ARM.Collect$$libshutdown$$00000007  c_p.l(libshutdown2.o)
    0x00000142   0x00000142   0x00000000   Code   RO          325    .ARM.Collect$$libshutdown$$0000000A  c_p.l(libshutdown2.o)
    0x00000142   0x00000142   0x00000000   Code   RO          327    .ARM.Collect$$libshutdown$$0000000C  c_p.l(libshutdown2.o)
    0x00000142   0x00000142   0x00000000   Code   RO          330    .ARM.Collect$$libshutdown$$0000000F  c_p.l(libshutdown2.o)
    0x00000142   0x00000142   0x00000002   Code   RO          331    .ARM.Collect$$libshutdown$$00000010  c_p.l(libshutdown2.o)
    0x00000144   0x00000144   0x00000000   Code   RO          161    .ARM.Collect$$rtentry$$00000000  c_p.l(__rtentry.o)
    0x00000144   0x00000144   0x00000000   Code   RO          167    .ARM.Collect$$rtentry$$00000002  c_p.l(__rtentry2.o)
    0x00000144   0x00000144   0x00000006   Code   RO          179    .ARM.Collect$$rtentry$$00000004  c_p.l(__rtentry4.o)
    0x0000014a   0x0000014a   0x00000000   Code   RO          169    .ARM.Collect$$rtentry$$00000009  c_p.l(__rtentry2.o)
    0x0000014a   0x0000014a   0x00000004   Code   RO          170    .ARM.Collect$$rtentry$$0000000A  c_p.l(__rtentry2.o)
    0x0000014e   0x0000014e   0x00000000   Code   RO          172    .ARM.Collect$$rtentry$$0000000C  c_p.l(__rtentry2.o)
    0x0000014e   0x0000014e   0x00000008   Code   RO          173    .ARM.Collect$$rtentry$$0000000D  c_p.l(__rtentry2.o)
    0x00000156   0x00000156   0x00000002   Code   RO          202    .ARM.Collect$$rtexit$$00000000  c_p.l(rtexit.o)
    0x00000158   0x00000158   0x00000000   Code   RO          260    .ARM.Collect$$rtexit$$00000002  c_p.l(rtexit2.o)
    0x00000158   0x00000158   0x00000004   Code   RO          261    .ARM.Collect$$rtexit$$00000003  c_p.l(rtexit2.o)
    0x0000015c   0x0000015c   0x00000006   Code   RO          262    .ARM.Collect$$rtexit$$00000004  c_p.l(rtexit2.o)
    0x00000162   0x00000162   0x00000002   PAD
    0x00000164   0x00000164   0x00000040   Code   RO          127  * .text               startup_mkl25z4.o
    0x000001a4   0x000001a4   0x0000015a   Code   RO          153    .text               c_p.l(aeabi_sdiv.o)
    0x000002fe   0x000002fe   0x00000006   Code   RO          157    .text               c_p.l(heapauxi.o)
    0x00000304   0x00000304   0x0000003e   Code   RO          183    .text               c_p.l(sys_stackheap_outer.o)
    0x00000342   0x00000342   0x00000010   Code   RO          186    .text               c_p.l(exit.o)
    0x00000352   0x00000352   0x00000002   PAD
    0x00000354   0x00000354   0x00000008   Code   RO          198    .text               c_p.l(libspace.o)
    0x0000035c   0x0000035c   0x0000000c   Code   RO          255    .text               c_p.l(sys_exit.o)
    0x00000368   0x00000368   0x00000002   Code   RO          278    .text               c_p.l(use_no_semi.o)
    0x0000036a   0x0000036a   0x00000000   Code   RO          280    .text               c_p.l(indicate_semi.o)
    0x0000036a   0x0000036a   0x00000002   PAD
    0x0000036c   0x0000036c   0x00000044   Code   RO           56    .text.Init_SysTick  systick.o
    0x000003b0   0x000003b0   0x00000028   Code   RO          111    .text.PIT_IRQHandler  pit.o
    0x000003d8   0x000003d8   0x00000014   Code   RO           58    .text.SysTick_Handler  systick.o
    0x000003ec   0x000003ec   0x0000000c   Code   RO          136    .text.SystemInit    system_mkl25z4.o
    0x000003f8   0x000003f8   0x00000006   Code   RO           78    .text.stopMotor     steppermotor.o
    0x000003fe   0x000003fe   0x00000002   PAD
    0x00000400   0x00000400   0x00000010   Code   RO          126    .ARM.__at_0x400     startup_mkl25z4.o
    0x00000410   0x00000410   0x00000054   Code   RO          103    .text.configurePIT  pit.o
    0x00000464   0x00000464   0x000000cc   Code   RO           74    .text.initMotor     steppermotor.o
    0x00000530   0x00000530   0x0000000c   Code   RO           80    .text.isMoving      steppermotor.o
    0x0000053c   0x0000053c   0x000000e0   Code   RO           24    .text.main          main.o
    0x0000061c   0x0000061c   0x0000003a   Code   RO           82    .text.moveSteps     steppermotor.o
    0x00000656   0x00000656   0x00000002   PAD
    0x00000658   0x00000658   0x0000007c   Code   RO           76    .text.setStep       steppermotor.o
    0x000006d4   0x000006d4   0x0000000c   Code   RO          109    .text.setTimer      pit.o
    0x000006e0   0x000006e0   0x00000014   Code   RO          105    .text.startTimer    pit.o
    0x000006f4   0x000006f4   0x0000009c   Code   RO           16    .text.task1PollInput  main.o
    0x00000790   0x00000790   0x00000044   Code   RO           18    .text.task2ControlLight  main.o
    0x000007d4   0x000007d4   0x0000014c   Code   RO           20    .text.task3ControlMotor  main.o
    0x00000920   0x00000920   0x00000078   Code   RO           22    .text.task4UpdateMotor  main.o
    0x00000998   0x00000998   0x0000009c   Code   RO           90    .text.updateMotor   steppermotor.o
    0x00000a34   0x00000a34   0x00000010   Code   RO           60    .text.waitSysTickCounter  systick.o
    0x00000a44   0x00000a44   0x00000020   Data   RO          332    Region$$Table       anon$$obj.o


    Execution Region ER_RW (Exec base: 0x1ffff000, Load base: 0x00000a64, Size: 0x00000064, Max: 0xffffffff, ABSOLUTE)

    Exec Addr    Load Addr    Size         Type   Attr      Idx    E Section Name        Object

    0x1ffff000   0x00000a64   0x00000004   Data   RW          140    .data.SystemCoreClock  system_mkl25z4.o
    0x1ffff004   0x00000a68   0x00000020   Data   RW           37    .data.mov_arr       main.o
    0x1ffff024   0x00000a88   0x00000020   Data   RW           38    .data.mov_rot       main.o
    0x1ffff044   0x00000aa8   0x00000020   Data   RW           39    .data.mov_time      main.o


    Execution Region ER_ZI (Exec base: 0x1ffff068, Load base: 0x00000ac8, Size: 0x000001b8, Max: 0xffffffff, ABSOLUTE)

    Exec Addr    Load Addr    Size         Type   Attr      Idx    E Section Name        Object

    0x1ffff068        -       0x00000060   Zero   RW          199    .bss                c_p.l(libspace.o)
    0x1ffff0c8        -       0x00000004   Zero   RW           62    .bss.SysTickCounter  systick.o
    0x1ffff0cc        -       0x00000004   Zero   RW           29    .bss.b_state        main.o
    0x1ffff0d0        -       0x00000004   Zero   RW           32    .bss.bounceCounter  main.o
    0x1ffff0d4        -       0x00000004   Zero   RW           35    .bss.counter        main.o
    0x1ffff0d8        -       0x00000004   Zero   RW           36    .bss.delay          main.o
    0x1ffff0dc        -       0x00000004   Zero   RW           28    .bss.m1             main.o
    0x1ffff0e0        -       0x0000001c   Zero   RW           27    .bss.mcb            main.o
    0x1ffff0fc        -       0x00000001   Zero   RW           26    .bss.motorRunning   main.o
    0x1ffff0fd   0x00000ac8   0x00000003   PAD
    0x1ffff100        -       0x00000004   Zero   RW           42    .bss.mov_flag       main.o
    0x1ffff104        -       0x00000004   Zero   RW           33    .bss.mov_state      main.o
    0x1ffff108        -       0x00000004   Zero   RW           30    .bss.pressed        main.o
    0x1ffff10c        -       0x00000004   Zero   RW           31    .bss.pressed_2      main.o
    0x1ffff110        -       0x00000004   Zero   RW           41    .bss.reset_flag     main.o
    0x1ffff114        -       0x00000004   Zero   RW           43    .bss.steps_calc     main.o
    0x1ffff118        -       0x00000004   Zero   RW           40    .bss.steps_counter  main.o
    0x1ffff11c        -       0x00000004   Zero   RW           34    .bss.sys_state      main.o
    0x1ffff120        -       0x00000000   Zero   RW          124    HEAP                startup_mkl25z4.o
    0x1ffff120        -       0x00000100   Zero   RW          123    STACK               startup_mkl25z4.o


==============================================================================

Image component sizes


      Code (inc. data)   RO Data    RW Data    ZI Data      Debug   Object Name

       900        116          0         96         81       5667   main.o
       156         32          0          0          0       4382   pit.o
        80         44        192          0        256        908   startup_mkl25z4.o
       560         32          0          0          0       3909   steppermotor.o
        12          4          0          4          0       2711   system_mkl25z4.o
       104         24          0          0          4       3227   systick.o

    ----------------------------------------------------------------------
      1816        252        224        100        344      20804   Object Totals
         0          0         32          0          0          0   (incl. Generated)
         4          0          0          0          3          0   (incl. Padding)

    ----------------------------------------------------------------------

      Code (inc. data)   RO Data    RW Data    ZI Data      Debug   Library Member Name

         8          0          0          0          0         68   __main.o
         0          0          0          0          0          0   __rtentry.o
        12          0          0          0          0          0   __rtentry2.o
         6          0          0          0          0          0   __rtentry4.o
        60          8          0          0          0          0   __scatter.o
        26          0          0          0          0          0   __scatter_copy.o
        28          0          0          0          0          0   __scatter_zi.o
       346          0          0          0          0         92   aeabi_sdiv.o
        16          0          0          0          0         68   exit.o
         6          0          0          0          0        136   heapauxi.o
         0          0          0          0          0          0   indicate_semi.o
         2          0          0          0          0          0   libinit.o
         2          0          0          0          0          0   libinit2.o
         2          0          0          0          0          0   libshutdown.o
         2          0          0          0          0          0   libshutdown2.o
         8          4          0          0         96         68   libspace.o
         2          0          0          0          0          0   rtexit.o
        10          0          0          0          0          0   rtexit2.o
        12          4          0          0          0         60   sys_exit.o
        62          0          0          0          0         80   sys_stackheap_outer.o
         2          0          0          0          0         68   use_no_semi.o

    ----------------------------------------------------------------------
       620         16          0          0         96        640   Library Totals
         8          0          0          0          0          0   (incl. Padding)

    ----------------------------------------------------------------------

      Code (inc. data)   RO Data    RW Data    ZI Data      Debug   Library Name

       612         16          0          0         96        640   c_p.l

    ----------------------------------------------------------------------
       620         16          0          0         96        640   Library Totals

    ----------------------------------------------------------------------

==============================================================================


      Code (inc. data)   RO Data    RW Data    ZI Data      Debug   

      2436        268        224        100        440      21236   Grand Totals
      2436        268        224        100        440      21236   ELF Image Totals
      2436        268        224        100          0          0   ROM Totals

==============================================================================

    Total RO  Size (Code + RO Data)                 2660 (   2.60kB)
    Total RW  Size (RW Data + ZI Data)               540 (   0.53kB)
    Total ROM Size (Code + RO Data + RW Data)       2760 (   2.70kB)

==============================================================================

