Component: ARM Compiler 6.7 Tool: armlink [5c9ef700]

==============================================================================

Section Cross References

    adc.o(.ARM.exidx.text.Init_ADC) refers to adc.o(.text.Init_ADC) for [Anonymous Symbol]
    adc.o(.text.MeasureVoltage) refers to adc.o(.bss.sres) for sres
    adc.o(.ARM.exidx.text.MeasureVoltage) refers to adc.o(.text.MeasureVoltage) for [Anonymous Symbol]
    adc.o(.text.MeasureVoltageDiff) refers to adc.o(.bss.dres) for dres
    adc.o(.ARM.exidx.text.MeasureVoltageDiff) refers to adc.o(.text.MeasureVoltageDiff) for [Anonymous Symbol]
    adc.o(.ARM.exidx.text.ADC_Cal) refers to adc.o(.text.ADC_Cal) for [Anonymous Symbol]
    main.o(.ARM.exidx.text.configureGPIOinput) refers to main.o(.text.configureGPIOinput) for [Anonymous Symbol]
    main.o(.ARM.exidx.text.isPressed) refers to main.o(.text.isPressed) for [Anonymous Symbol]
    main.o(.text.task1PollInput) refers to lcd.o(.text.lcdHome) for lcdHome
    main.o(.text.task1PollInput) refers to lcd.o(.text.lcdCntrl) for lcdCntrl
    main.o(.text.task1PollInput) refers to lcd.o(.text.setLCDAddress) for setLCDAddress
    main.o(.text.task1PollInput) refers to lcd.o(.text.writeLCDString) for writeLCDString
    main.o(.text.task1PollInput) refers to main.o(.bss.bounceCounter) for bounceCounter
    main.o(.text.task1PollInput) refers to main.o(.bss.b_state) for b_state
    main.o(.text.task1PollInput) refers to main.o(.bss.pressed) for pressed
    main.o(.text.task1PollInput) refers to main.o(.data.test) for test
    main.o(.text.task1PollInput) refers to main.o(.bss.final_value) for final_value
    main.o(.ARM.exidx.text.task1PollInput) refers to main.o(.text.task1PollInput) for [Anonymous Symbol]
    main.o(.text.task2PollInput) refers to adc.o(.text.MeasureVoltage) for MeasureVoltage
    main.o(.text.task2PollInput) refers to dflti.o(.text) for __aeabi_ui2d
    main.o(.text.task2PollInput) refers to dmul.o(.text) for __aeabi_dmul
    main.o(.text.task2PollInput) refers to ddiv.o(.text) for __aeabi_ddiv
    main.o(.text.task2PollInput) refers to dfixui.o(.text) for __aeabi_d2uiz
    main.o(.text.task2PollInput) refers to adc.o(.bss.sres) for sres
    main.o(.ARM.exidx.text.task2PollInput) refers to main.o(.text.task2PollInput) for [Anonymous Symbol]
    main.o(.ARM.exidx.text.hexChar) refers to main.o(.text.hexChar) for [Anonymous Symbol]
    main.o(.ARM.exidx.text.decChar) refers to main.o(.text.decChar) for [Anonymous Symbol]
    main.o(.text.task2MeasureKeypad) refers to adc.o(.text.MeasureVoltage) for MeasureVoltage
    main.o(.text.task2MeasureKeypad) refers to dflti.o(.text) for __aeabi_ui2d
    main.o(.text.task2MeasureKeypad) refers to dmul.o(.text) for __aeabi_dmul
    main.o(.text.task2MeasureKeypad) refers to ddiv.o(.text) for __aeabi_ddiv
    main.o(.text.task2MeasureKeypad) refers to dfixui.o(.text) for __aeabi_d2uiz
    main.o(.text.task2MeasureKeypad) refers to lcd.o(.text.cursorShift) for cursorShift
    main.o(.text.task2MeasureKeypad) refers to lcd.o(.text.writeLCDString) for writeLCDString
    main.o(.text.task2MeasureKeypad) refers to lcd.o(.text.setLCDAddress) for setLCDAddress
    main.o(.text.task2MeasureKeypad) refers to lcd.o(.text.writeLCDChar) for writeLCDChar
    main.o(.text.task2MeasureKeypad) refers to main.o(.text.task2PollInput) for task2PollInput
    main.o(.text.task2MeasureKeypad) refers to main.o(.bss.res) for res
    main.o(.text.task2MeasureKeypad) refers to adc.o(.bss.sres) for sres
    main.o(.text.task2MeasureKeypad) refers to main.o(.bss.stop) for stop
    main.o(.text.task2MeasureKeypad) refers to main.o(.bss.count) for count
    main.o(.text.task2MeasureKeypad) refers to main.o(.bss.integer_value) for integer_value
    main.o(.text.task2MeasureKeypad) refers to main.o(.bss.final_value) for final_value
    main.o(.text.task2MeasureKeypad) refers to main.o(.bss.inc_value) for inc_value
    main.o(.text.task2MeasureKeypad) refers to main.o(.bss.decrement) for decrement
    main.o(.text.task2MeasureKeypad) refers to main.o(.data.testChar) for testChar
    main.o(.text.task2MeasureKeypad) refers to main.o(.bss.store_inc_value) for store_inc_value
    main.o(.text.task2MeasureKeypad) refers to main.o(.data.statement) for statement
    main.o(.text.task2MeasureKeypad) refers to main.o(.bss.button2presses) for button2presses
    main.o(.text.task2MeasureKeypad) refers to main.o(.bss.i) for i
    main.o(.ARM.exidx.text.task2MeasureKeypad) refers to main.o(.text.task2MeasureKeypad) for [Anonymous Symbol]
    main.o(.text.main) refers to systick.o(.text.Init_SysTick) for Init_SysTick
    main.o(.text.main) refers to lcd.o(.text.initLCD) for initLCD
    main.o(.text.main) refers to adc.o(.text.Init_ADC) for Init_ADC
    main.o(.text.main) refers to adc.o(.text.ADC_Cal) for ADC_Cal
    main.o(.text.main) refers to lcd.o(.text.lcdClear) for lcdClear
    main.o(.text.main) refers to systick.o(.text.waitSysTickCounter) for waitSysTickCounter
    main.o(.text.main) refers to main.o(.text.task1PollInput) for task1PollInput
    main.o(.text.main) refers to main.o(.text.task2MeasureKeypad) for task2MeasureKeypad
    main.o(.ARM.exidx.text.main) refers to main.o(.text.main) for [Anonymous Symbol]
    systick.o(.text.Init_SysTick) refers to aeabi_sdiv.o(.text) for __aeabi_uidiv
    systick.o(.text.Init_SysTick) refers to system_mkl25z4.o(.data.SystemCoreClock) for SystemCoreClock
    systick.o(.ARM.exidx.text.Init_SysTick) refers to systick.o(.text.Init_SysTick) for [Anonymous Symbol]
    systick.o(.text.SysTick_Handler) refers to systick.o(.bss.SysTickCounter) for SysTickCounter
    systick.o(.ARM.exidx.text.SysTick_Handler) refers to systick.o(.text.SysTick_Handler) for [Anonymous Symbol]
    systick.o(.text.waitSysTickCounter) refers to systick.o(.bss.SysTickCounter) for SysTickCounter
    systick.o(.ARM.exidx.text.waitSysTickCounter) refers to systick.o(.text.waitSysTickCounter) for [Anonymous Symbol]
    lcd.o(.ARM.exidx.text.Delay) refers to lcd.o(.text.Delay) for [Anonymous Symbol]
    lcd.o(.ARM.exidx.text.synByte) refers to lcd.o(.text.synByte) for [Anonymous Symbol]
    lcd.o(.ARM.exidx.text.initNibble) refers to lcd.o(.text.initNibble) for [Anonymous Symbol]
    lcd.o(.text.initLCD) refers to lcd.o(.text.synByte) for synByte
    lcd.o(.ARM.exidx.text.initLCD) refers to lcd.o(.text.initLCD) for [Anonymous Symbol]
    lcd.o(.text.lcdMode) refers to lcd.o(.text.synByte) for synByte
    lcd.o(.ARM.exidx.text.lcdMode) refers to lcd.o(.text.lcdMode) for [Anonymous Symbol]
    lcd.o(.text.lcdCntrl) refers to lcd.o(.text.synByte) for synByte
    lcd.o(.ARM.exidx.text.lcdCntrl) refers to lcd.o(.text.lcdCntrl) for [Anonymous Symbol]
    lcd.o(.text.lcdClear) refers to lcd.o(.text.synByte) for synByte
    lcd.o(.ARM.exidx.text.lcdClear) refers to lcd.o(.text.lcdClear) for [Anonymous Symbol]
    lcd.o(.text.lcdHome) refers to lcd.o(.text.synByte) for synByte
    lcd.o(.ARM.exidx.text.lcdHome) refers to lcd.o(.text.lcdHome) for [Anonymous Symbol]
    lcd.o(.text.writeLCDString) refers to lcd.o(.text.writeLCDChar) for writeLCDChar
    lcd.o(.ARM.exidx.text.writeLCDString) refers to lcd.o(.text.writeLCDString) for [Anonymous Symbol]
    lcd.o(.text.writeLCDChar) refers to lcd.o(.text.synByte) for synByte
    lcd.o(.ARM.exidx.text.writeLCDChar) refers to lcd.o(.text.writeLCDChar) for [Anonymous Symbol]
    lcd.o(.text.setLCDAddress) refers to lcd.o(.text.synByte) for synByte
    lcd.o(.ARM.exidx.text.setLCDAddress) refers to lcd.o(.text.setLCDAddress) for [Anonymous Symbol]
    lcd.o(.text.lcdShift) refers to lcd.o(.text.synByte) for synByte
    lcd.o(.ARM.exidx.text.lcdShift) refers to lcd.o(.text.lcdShift) for [Anonymous Symbol]
    lcd.o(.text.cursorShift) refers to lcd.o(.text.synByte) for synByte
    lcd.o(.ARM.exidx.text.cursorShift) refers to lcd.o(.text.cursorShift) for [Anonymous Symbol]
    startup_mkl25z4.o(STACK) refers (Special) to heapauxi.o(.text) for __use_two_region_memory
    startup_mkl25z4.o(HEAP) refers (Special) to heapauxi.o(.text) for __use_two_region_memory
    startup_mkl25z4.o(RESET) refers (Special) to heapauxi.o(.text) for __use_two_region_memory
    startup_mkl25z4.o(RESET) refers to startup_mkl25z4.o(STACK) for __initial_sp
    startup_mkl25z4.o(RESET) refers to startup_mkl25z4.o(.text) for Reset_Handler
    startup_mkl25z4.o(RESET) refers to systick.o(.text.SysTick_Handler) for SysTick_Handler
    startup_mkl25z4.o(.ARM.__at_0x400) refers (Special) to heapauxi.o(.text) for __use_two_region_memory
    startup_mkl25z4.o(.text) refers (Special) to heapauxi.o(.text) for __use_two_region_memory
    startup_mkl25z4.o(.text) refers to system_mkl25z4.o(.text.SystemInit) for SystemInit
    startup_mkl25z4.o(.text) refers to __main.o(!!!main) for __main
    startup_mkl25z4.o(.text) refers to startup_mkl25z4.o(HEAP) for Heap_Mem
    startup_mkl25z4.o(.text) refers to startup_mkl25z4.o(STACK) for Stack_Mem
    system_mkl25z4.o(.ARM.exidx.text.SystemInit) refers to system_mkl25z4.o(.text.SystemInit) for [Anonymous Symbol]
    system_mkl25z4.o(.text.SystemCoreClockUpdate) refers to aeabi_sdiv.o(.text) for __aeabi_uidiv
    system_mkl25z4.o(.text.SystemCoreClockUpdate) refers to system_mkl25z4.o(.data.SystemCoreClock) for SystemCoreClock
    system_mkl25z4.o(.ARM.exidx.text.SystemCoreClockUpdate) refers to system_mkl25z4.o(.text.SystemCoreClockUpdate) for [Anonymous Symbol]
    __main.o(!!!main) refers to __rtentry.o(.ARM.Collect$$rtentry$$00000000) for __rt_entry
    ddiv.o(.text) refers (Special) to usenofp.o(x$fpl$usenofp) for __I$use$fp
    ddiv.o(.text) refers to ddiv.o(.constdata) for .constdata
    ddiv.o(.constdata) refers (Special) to usenofp.o(x$fpl$usenofp) for __I$use$fp
    dfixui.o(.text) refers (Special) to usenofp.o(x$fpl$usenofp) for __I$use$fp
    dflti.o(.text) refers (Special) to usenofp.o(x$fpl$usenofp) for __I$use$fp
    dmul.o(.text) refers (Special) to usenofp.o(x$fpl$usenofp) for __I$use$fp
    __rtentry.o(.ARM.Collect$$rtentry$$00000000) refers (Special) to __rtentry2.o(.ARM.Collect$$rtentry$$0000000A) for __rt_entry_li
    __rtentry.o(.ARM.Collect$$rtentry$$00000000) refers (Special) to __rtentry2.o(.ARM.Collect$$rtentry$$0000000D) for __rt_entry_main
    __rtentry.o(.ARM.Collect$$rtentry$$00000000) refers (Special) to __rtentry2.o(.ARM.Collect$$rtentry$$0000000C) for __rt_entry_postli_1
    __rtentry.o(.ARM.Collect$$rtentry$$00000000) refers (Special) to __rtentry2.o(.ARM.Collect$$rtentry$$00000009) for __rt_entry_postsh_1
    __rtentry.o(.ARM.Collect$$rtentry$$00000000) refers (Special) to __rtentry2.o(.ARM.Collect$$rtentry$$00000002) for __rt_entry_presh_1
    __rtentry.o(.ARM.Collect$$rtentry$$00000000) refers (Special) to __rtentry4.o(.ARM.Collect$$rtentry$$00000004) for __rt_entry_sh
    aeabi_idiv0_sigfpe.o(.text) refers to rt_div0.o(.text) for __rt_div0
    __rtentry2.o(.ARM.Collect$$rtentry$$00000008) refers to boardinit2.o(.text) for _platform_post_stackheap_init
    __rtentry2.o(.ARM.Collect$$rtentry$$0000000A) refers to libinit.o(.ARM.Collect$$libinit$$00000000) for __rt_lib_init
    __rtentry2.o(.ARM.Collect$$rtentry$$0000000B) refers to boardinit3.o(.text) for _platform_post_lib_init
    __rtentry2.o(.ARM.Collect$$rtentry$$0000000D) refers to main.o(.text.main) for main
    __rtentry2.o(.ARM.Collect$$rtentry$$0000000D) refers to exit.o(.text) for exit
    __rtentry2.o(.ARM.exidx) refers to __rtentry2.o(.ARM.Collect$$rtentry$$00000001) for .ARM.Collect$$rtentry$$00000001
    __rtentry2.o(.ARM.exidx) refers to __rtentry2.o(.ARM.Collect$$rtentry$$00000008) for .ARM.Collect$$rtentry$$00000008
    __rtentry2.o(.ARM.exidx) refers to __rtentry2.o(.ARM.Collect$$rtentry$$0000000A) for .ARM.Collect$$rtentry$$0000000A
    __rtentry2.o(.ARM.exidx) refers to __rtentry2.o(.ARM.Collect$$rtentry$$0000000B) for .ARM.Collect$$rtentry$$0000000B
    __rtentry2.o(.ARM.exidx) refers to __rtentry2.o(.ARM.Collect$$rtentry$$0000000D) for .ARM.Collect$$rtentry$$0000000D
    __rtentry4.o(.ARM.Collect$$rtentry$$00000004) refers to sys_stackheap_outer.o(.text) for __user_setup_stackheap
    __rtentry4.o(.ARM.exidx) refers to __rtentry4.o(.ARM.Collect$$rtentry$$00000004) for .ARM.Collect$$rtentry$$00000004
    rt_div0.o(.text) refers to defsig_fpe_outer.o(.text) for __rt_SIGFPE
    sys_stackheap_outer.o(.text) refers to libspace.o(.text) for __user_perproc_libspace
    sys_stackheap_outer.o(.text) refers to startup_mkl25z4.o(.text) for __user_initial_stackheap
    sys_stackheap_outer.o(__vectab_stack_and_reset_area) refers to tempstk.o(.text) for __temporary_stack_top
    sys_stackheap_outer.o(__vectab_stack_and_reset_area) refers to __main.o(!!!main) for __main
    exit.o(.text) refers to rtexit.o(.ARM.Collect$$rtexit$$00000000) for __rt_exit
    defsig_fpe_outer.o(.text) refers to defsig_fpe_inner.o(.text) for __rt_SIGFPE_inner
    defsig_fpe_outer.o(.text) refers to defsig_exit.o(.text) for __sig_exit
    defsig_fpe_formal.o(.text) refers to rt_raise.o(.text) for __rt_raise
    libinit.o(.ARM.Collect$$libinit$$00000000) refers (Special) to libinit2.o(.ARM.Collect$$libinit$$0000002E) for __rt_lib_init_alloca_1
    libinit.o(.ARM.Collect$$libinit$$00000000) refers (Special) to libinit2.o(.ARM.Collect$$libinit$$0000002C) for __rt_lib_init_argv_1
    libinit.o(.ARM.Collect$$libinit$$00000000) refers (Special) to libinit2.o(.ARM.Collect$$libinit$$0000001B) for __rt_lib_init_atexit_1
    libinit.o(.ARM.Collect$$libinit$$00000000) refers (Special) to libinit2.o(.ARM.Collect$$libinit$$00000021) for __rt_lib_init_clock_1
    libinit.o(.ARM.Collect$$libinit$$00000000) refers (Special) to libinit2.o(.ARM.Collect$$libinit$$00000032) for __rt_lib_init_cpp_1
    libinit.o(.ARM.Collect$$libinit$$00000000) refers (Special) to libinit2.o(.ARM.Collect$$libinit$$00000030) for __rt_lib_init_exceptions_1
    libinit.o(.ARM.Collect$$libinit$$00000000) refers (Special) to libinit2.o(.ARM.Collect$$libinit$$00000002) for __rt_lib_init_fp_1
    libinit.o(.ARM.Collect$$libinit$$00000000) refers (Special) to libinit2.o(.ARM.Collect$$libinit$$0000001F) for __rt_lib_init_fp_trap_1
    libinit.o(.ARM.Collect$$libinit$$00000000) refers (Special) to libinit2.o(.ARM.Collect$$libinit$$00000023) for __rt_lib_init_getenv_1
    libinit.o(.ARM.Collect$$libinit$$00000000) refers (Special) to libinit2.o(.ARM.Collect$$libinit$$0000000A) for __rt_lib_init_heap_1
    libinit.o(.ARM.Collect$$libinit$$00000000) refers (Special) to libinit2.o(.ARM.Collect$$libinit$$00000011) for __rt_lib_init_lc_collate_1
    libinit.o(.ARM.Collect$$libinit$$00000000) refers (Special) to libinit2.o(.ARM.Collect$$libinit$$00000013) for __rt_lib_init_lc_ctype_1
    libinit.o(.ARM.Collect$$libinit$$00000000) refers (Special) to libinit2.o(.ARM.Collect$$libinit$$00000015) for __rt_lib_init_lc_monetary_1
    libinit.o(.ARM.Collect$$libinit$$00000000) refers (Special) to libinit2.o(.ARM.Collect$$libinit$$00000017) for __rt_lib_init_lc_numeric_1
    libinit.o(.ARM.Collect$$libinit$$00000000) refers (Special) to libinit2.o(.ARM.Collect$$libinit$$00000019) for __rt_lib_init_lc_time_1
    libinit.o(.ARM.Collect$$libinit$$00000000) refers (Special) to libinit2.o(.ARM.Collect$$libinit$$00000004) for __rt_lib_init_preinit_1
    libinit.o(.ARM.Collect$$libinit$$00000000) refers (Special) to libinit2.o(.ARM.Collect$$libinit$$0000000E) for __rt_lib_init_rand_1
    libinit.o(.ARM.Collect$$libinit$$00000000) refers (Special) to libinit2.o(.ARM.Collect$$libinit$$00000033) for __rt_lib_init_return
    libinit.o(.ARM.Collect$$libinit$$00000000) refers (Special) to libinit2.o(.ARM.Collect$$libinit$$0000001D) for __rt_lib_init_signal_1
    libinit.o(.ARM.Collect$$libinit$$00000000) refers (Special) to libinit2.o(.ARM.Collect$$libinit$$00000025) for __rt_lib_init_stdio_1
    libinit.o(.ARM.Collect$$libinit$$00000000) refers (Special) to libinit2.o(.ARM.Collect$$libinit$$0000000C) for __rt_lib_init_user_alloc_1
    libspace.o(.text) refers to libspace.o(.bss) for __libspace_start
    rtexit.o(.ARM.Collect$$rtexit$$00000000) refers (Special) to rtexit2.o(.ARM.Collect$$rtexit$$00000004) for __rt_exit_exit
    rtexit.o(.ARM.Collect$$rtexit$$00000000) refers (Special) to rtexit2.o(.ARM.Collect$$rtexit$$00000003) for __rt_exit_ls
    rtexit.o(.ARM.Collect$$rtexit$$00000000) refers (Special) to rtexit2.o(.ARM.Collect$$rtexit$$00000002) for __rt_exit_prels_1
    rtexit.o(.ARM.exidx) refers (Special) to rtexit2.o(.ARM.Collect$$rtexit$$00000004) for __rt_exit_exit
    rtexit.o(.ARM.exidx) refers (Special) to rtexit2.o(.ARM.Collect$$rtexit$$00000003) for __rt_exit_ls
    rtexit.o(.ARM.exidx) refers (Special) to rtexit2.o(.ARM.Collect$$rtexit$$00000002) for __rt_exit_prels_1
    rtexit.o(.ARM.exidx) refers to rtexit.o(.ARM.Collect$$rtexit$$00000000) for .ARM.Collect$$rtexit$$00000000
    rt_raise.o(.text) refers to __raise.o(.text) for __raise
    rt_raise.o(.text) refers to sys_exit.o(.text) for _sys_exit
    defsig_exit.o(.text) refers to sys_exit.o(.text) for _sys_exit
    defsig_fpe_inner.o(.text) refers to defsig_general.o(.text) for __default_signal_display
    libinit2.o(.ARM.Collect$$libinit$$00000010) refers to libinit2.o(.ARM.Collect$$libinit$$0000000F) for .ARM.Collect$$libinit$$0000000F
    libinit2.o(.ARM.Collect$$libinit$$00000012) refers to libinit2.o(.ARM.Collect$$libinit$$0000000F) for .ARM.Collect$$libinit$$0000000F
    libinit2.o(.ARM.Collect$$libinit$$00000014) refers to libinit2.o(.ARM.Collect$$libinit$$0000000F) for .ARM.Collect$$libinit$$0000000F
    libinit2.o(.ARM.Collect$$libinit$$00000016) refers to libinit2.o(.ARM.Collect$$libinit$$0000000F) for .ARM.Collect$$libinit$$0000000F
    libinit2.o(.ARM.Collect$$libinit$$00000018) refers to libinit2.o(.ARM.Collect$$libinit$$0000000F) for .ARM.Collect$$libinit$$0000000F
    libinit2.o(.ARM.Collect$$libinit$$00000026) refers to argv_veneer.o(.text) for __ARM_argv_veneer
    libinit2.o(.ARM.Collect$$libinit$$00000027) refers to argv_veneer.o(.text) for __ARM_argv_veneer
    sys_exit.o(.text) refers (Special) to use_no_semi.o(.text) for __I$use$semihosting
    sys_exit.o(.text) refers (Special) to indicate_semi.o(.text) for __semihosting_library_function
    sys_exit_hlt.o(.text) refers (Special) to use_no_semi.o(.text) for __I$use$semihosting
    sys_exit_hlt.o(.text) refers (Special) to indicate_semi.o(.text) for __semihosting_library_function
    rtexit2.o(.ARM.Collect$$rtexit$$00000003) refers to libshutdown.o(.ARM.Collect$$libshutdown$$00000000) for __rt_lib_shutdown
    rtexit2.o(.ARM.Collect$$rtexit$$00000004) refers to sys_exit.o(.text) for _sys_exit
    rtexit2.o(.ARM.exidx) refers to rtexit2.o(.ARM.Collect$$rtexit$$00000001) for .ARM.Collect$$rtexit$$00000001
    rtexit2.o(.ARM.exidx) refers to rtexit2.o(.ARM.Collect$$rtexit$$00000003) for .ARM.Collect$$rtexit$$00000003
    rtexit2.o(.ARM.exidx) refers to rtexit2.o(.ARM.Collect$$rtexit$$00000004) for .ARM.Collect$$rtexit$$00000004
    __raise.o(.text) refers to defsig.o(CL$$defsig) for __default_signal_handler
    defsig_general.o(.text) refers to sys_wrch.o(.text) for _ttywrch
    sys_wrch.o(.text) refers (Special) to use_no_semi.o(.text) for __I$use$semihosting
    sys_wrch.o(.text) refers (Special) to indicate_semi.o(.text) for __semihosting_library_function
    sys_wrch_hlt.o(.text) refers (Special) to use_no_semi.o(.text) for __I$use$semihosting
    sys_wrch_hlt.o(.text) refers (Special) to indicate_semi.o(.text) for __semihosting_library_function
    defsig.o(CL$$defsig) refers to defsig_fpe_inner.o(.text) for __rt_SIGFPE_inner
    defsig.o(CL$$defsig) refers to defsig_rtmem_inner.o(.text) for __rt_SIGRTMEM_inner
    _get_argv_nomalloc.o(.text) refers (Special) to hrguard.o(.text) for __heap_region$guard
    _get_argv_nomalloc.o(.text) refers to defsig_rtmem_outer.o(.text) for __rt_SIGRTMEM
    _get_argv_nomalloc.o(.text) refers to sys_command.o(.text) for _sys_command_string
    libshutdown.o(.ARM.Collect$$libshutdown$$00000000) refers (Special) to libshutdown2.o(.ARM.Collect$$libshutdown$$00000002) for __rt_lib_shutdown_cpp_1
    libshutdown.o(.ARM.Collect$$libshutdown$$00000000) refers (Special) to libshutdown2.o(.ARM.Collect$$libshutdown$$00000007) for __rt_lib_shutdown_fp_trap_1
    libshutdown.o(.ARM.Collect$$libshutdown$$00000000) refers (Special) to libshutdown2.o(.ARM.Collect$$libshutdown$$0000000F) for __rt_lib_shutdown_heap_1
    libshutdown.o(.ARM.Collect$$libshutdown$$00000000) refers (Special) to libshutdown2.o(.ARM.Collect$$libshutdown$$00000010) for __rt_lib_shutdown_return
    libshutdown.o(.ARM.Collect$$libshutdown$$00000000) refers (Special) to libshutdown2.o(.ARM.Collect$$libshutdown$$0000000A) for __rt_lib_shutdown_signal_1
    libshutdown.o(.ARM.Collect$$libshutdown$$00000000) refers (Special) to libshutdown2.o(.ARM.Collect$$libshutdown$$00000004) for __rt_lib_shutdown_stdio_1
    libshutdown.o(.ARM.Collect$$libshutdown$$00000000) refers (Special) to libshutdown2.o(.ARM.Collect$$libshutdown$$0000000C) for __rt_lib_shutdown_user_alloc_1
    sys_command.o(.text) refers (Special) to use_no_semi.o(.text) for __I$use$semihosting
    sys_command.o(.text) refers (Special) to indicate_semi.o(.text) for __semihosting_library_function
    sys_command_hlt.o(.text) refers (Special) to use_no_semi.o(.text) for __I$use$semihosting
    sys_command_hlt.o(.text) refers (Special) to indicate_semi.o(.text) for __semihosting_library_function
    defsig_abrt_inner.o(.text) refers to defsig_general.o(.text) for __default_signal_display
    defsig_rtred_inner.o(.text) refers to defsig_general.o(.text) for __default_signal_display
    defsig_rtmem_inner.o(.text) refers to defsig_general.o(.text) for __default_signal_display
    defsig_rtmem_outer.o(.text) refers to defsig_rtmem_inner.o(.text) for __rt_SIGRTMEM_inner
    defsig_rtmem_outer.o(.text) refers to defsig_exit.o(.text) for __sig_exit
    defsig_rtmem_formal.o(.text) refers to rt_raise.o(.text) for __rt_raise
    defsig_stak_inner.o(.text) refers to defsig_general.o(.text) for __default_signal_display
    defsig_pvfn_inner.o(.text) refers to defsig_general.o(.text) for __default_signal_display
    defsig_cppl_inner.o(.text) refers to defsig_general.o(.text) for __default_signal_display
    defsig_segv_inner.o(.text) refers to defsig_general.o(.text) for __default_signal_display
    defsig_other.o(.text) refers to defsig_general.o(.text) for __default_signal_display


==============================================================================

Removing Unused input sections from the image.

    Removing adc.o(.text), (0 bytes).
    Removing adc.o(.ARM.exidx.text.Init_ADC), (8 bytes).
    Removing adc.o(.ARM.exidx.text.MeasureVoltage), (8 bytes).
    Removing adc.o(.text.MeasureVoltageDiff), (32 bytes).
    Removing adc.o(.ARM.exidx.text.MeasureVoltageDiff), (8 bytes).
    Removing adc.o(.ARM.exidx.text.ADC_Cal), (8 bytes).
    Removing adc.o(.bss.dres), (2 bytes).
    Removing main.o(.text), (0 bytes).
    Removing main.o(.text.configureGPIOinput), (56 bytes).
    Removing main.o(.ARM.exidx.text.configureGPIOinput), (8 bytes).
    Removing main.o(.text.isPressed), (28 bytes).
    Removing main.o(.ARM.exidx.text.isPressed), (8 bytes).
    Removing main.o(.ARM.exidx.text.task1PollInput), (8 bytes).
    Removing main.o(.ARM.exidx.text.task2PollInput), (8 bytes).
    Removing main.o(.text.hexChar), (20 bytes).
    Removing main.o(.ARM.exidx.text.hexChar), (8 bytes).
    Removing main.o(.text.decChar), (16 bytes).
    Removing main.o(.ARM.exidx.text.decChar), (8 bytes).
    Removing main.o(.ARM.exidx.text.task2MeasureKeypad), (8 bytes).
    Removing main.o(.ARM.exidx.text.main), (8 bytes).
    Removing main.o(.bss.b_state2), (4 bytes).
    Removing main.o(.bss.bounceCounter2), (4 bytes).
    Removing main.o(.data.statement2), (15 bytes).
    Removing main.o(.bss.j), (4 bytes).
    Removing main.o(.bss.value), (4 bytes).
    Removing main.o(.bss.store_dec_value), (36 bytes).
    Removing main.o(.bss.check), (4 bytes).
    Removing main.o(.ARM.use_no_argv), (4 bytes).
    Removing systick.o(.text), (0 bytes).
    Removing systick.o(.ARM.exidx.text.Init_SysTick), (8 bytes).
    Removing systick.o(.ARM.exidx.text.SysTick_Handler), (8 bytes).
    Removing systick.o(.ARM.exidx.text.waitSysTickCounter), (8 bytes).
    Removing lcd.o(.text), (0 bytes).
    Removing lcd.o(.text.Delay), (36 bytes).
    Removing lcd.o(.ARM.exidx.text.Delay), (8 bytes).
    Removing lcd.o(.ARM.exidx.text.synByte), (8 bytes).
    Removing lcd.o(.text.initNibble), (52 bytes).
    Removing lcd.o(.ARM.exidx.text.initNibble), (8 bytes).
    Removing lcd.o(.ARM.exidx.text.initLCD), (8 bytes).
    Removing lcd.o(.text.lcdMode), (72 bytes).
    Removing lcd.o(.ARM.exidx.text.lcdMode), (8 bytes).
    Removing lcd.o(.ARM.exidx.text.lcdCntrl), (8 bytes).
    Removing lcd.o(.ARM.exidx.text.lcdClear), (8 bytes).
    Removing lcd.o(.ARM.exidx.text.lcdHome), (8 bytes).
    Removing lcd.o(.ARM.exidx.text.writeLCDString), (8 bytes).
    Removing lcd.o(.ARM.exidx.text.writeLCDChar), (8 bytes).
    Removing lcd.o(.ARM.exidx.text.setLCDAddress), (8 bytes).
    Removing lcd.o(.text.lcdShift), (52 bytes).
    Removing lcd.o(.ARM.exidx.text.lcdShift), (8 bytes).
    Removing lcd.o(.ARM.exidx.text.cursorShift), (8 bytes).
    Removing system_mkl25z4.o(.text), (0 bytes).
    Removing system_mkl25z4.o(.ARM.exidx.text.SystemInit), (8 bytes).
    Removing system_mkl25z4.o(.text.SystemCoreClockUpdate), (276 bytes).
    Removing system_mkl25z4.o(.ARM.exidx.text.SystemCoreClockUpdate), (8 bytes).

54 unused section(s) (total 957 bytes) removed from the image.

==============================================================================

Image Symbol Table

    Local Symbols

    Symbol Name                              Value     Ov Type        Size  Object(Section)

    RESET                                    0x00000000   Section      192  startup_mkl25z4.o(RESET)
    ../clib/angel/boardlib.s                 0x00000000   Number         0  boardshut.o ABSOLUTE
    ../clib/angel/boardlib.s                 0x00000000   Number         0  boardinit1.o ABSOLUTE
    ../clib/angel/boardlib.s                 0x00000000   Number         0  boardinit3.o ABSOLUTE
    ../clib/angel/boardlib.s                 0x00000000   Number         0  boardinit2.o ABSOLUTE
    ../clib/angel/handlers.s                 0x00000000   Number         0  __scatter_copy.o ABSOLUTE
    ../clib/angel/handlers.s                 0x00000000   Number         0  __scatter_zi.o ABSOLUTE
    ../clib/angel/kernel.s                   0x00000000   Number         0  rtexit2.o ABSOLUTE
    ../clib/angel/kernel.s                   0x00000000   Number         0  __rtentry2.o ABSOLUTE
    ../clib/angel/kernel.s                   0x00000000   Number         0  __rtentry.o ABSOLUTE
    ../clib/angel/kernel.s                   0x00000000   Number         0  rtexit.o ABSOLUTE
    ../clib/angel/kernel.s                   0x00000000   Number         0  __rtentry4.o ABSOLUTE
    ../clib/angel/rt.s                       0x00000000   Number         0  rt_raise.o ABSOLUTE
    ../clib/angel/rt.s                       0x00000000   Number         0  rt_div0.o ABSOLUTE
    ../clib/angel/rt.s                       0x00000000   Number         0  aeabi_idiv0.o ABSOLUTE
    ../clib/angel/rt.s                       0x00000000   Number         0  aeabi_idiv0_sigfpe.o ABSOLUTE
    ../clib/angel/scatterp.s                 0x00000000   Number         0  __scatter.o ABSOLUTE
    ../clib/angel/startup.s                  0x00000000   Number         0  __main.o ABSOLUTE
    ../clib/angel/sys.s                      0x00000000   Number         0  libspace.o ABSOLUTE
    ../clib/angel/sys.s                      0x00000000   Number         0  tempstk.o ABSOLUTE
    ../clib/angel/sys.s                      0x00000000   Number         0  indicate_semi.o ABSOLUTE
    ../clib/angel/sys.s                      0x00000000   Number         0  use_no_semi.o ABSOLUTE
    ../clib/angel/sys.s                      0x00000000   Number         0  sys_stackheap_outer.o ABSOLUTE
    ../clib/angel/sysapp.c                   0x00000000   Number         0  sys_exit_hlt.o ABSOLUTE
    ../clib/angel/sysapp.c                   0x00000000   Number         0  sys_wrch.o ABSOLUTE
    ../clib/angel/sysapp.c                   0x00000000   Number         0  sys_wrch_hlt.o ABSOLUTE
    ../clib/angel/sysapp.c                   0x00000000   Number         0  sys_command.o ABSOLUTE
    ../clib/angel/sysapp.c                   0x00000000   Number         0  sys_exit.o ABSOLUTE
    ../clib/angel/sysapp.c                   0x00000000   Number         0  sys_command_hlt.o ABSOLUTE
    ../clib/armsys.c                         0x00000000   Number         0  argv_veneer.o ABSOLUTE
    ../clib/armsys.c                         0x00000000   Number         0  no_argv.o ABSOLUTE
    ../clib/armsys.c                         0x00000000   Number         0  _get_argv_nomalloc.o ABSOLUTE
    ../clib/division.s                       0x00000000   Number         0  aeabi_sdiv_div0.o ABSOLUTE
    ../clib/division.s                       0x00000000   Number         0  aeabi_sdiv.o ABSOLUTE
    ../clib/heapalloc.c                      0x00000000   Number         0  hrguard.o ABSOLUTE
    ../clib/heapaux.c                        0x00000000   Number         0  heapauxi.o ABSOLUTE
    ../clib/libinit.s                        0x00000000   Number         0  libinit.o ABSOLUTE
    ../clib/libinit.s                        0x00000000   Number         0  libshutdown.o ABSOLUTE
    ../clib/libinit.s                        0x00000000   Number         0  libshutdown2.o ABSOLUTE
    ../clib/libinit.s                        0x00000000   Number         0  libinit2.o ABSOLUTE
    ../clib/signal.c                         0x00000000   Number         0  defsig_pvfn_inner.o ABSOLUTE
    ../clib/signal.c                         0x00000000   Number         0  defsig_stak_inner.o ABSOLUTE
    ../clib/signal.c                         0x00000000   Number         0  defsig_rtmem_formal.o ABSOLUTE
    ../clib/signal.c                         0x00000000   Number         0  defsig_rtmem_outer.o ABSOLUTE
    ../clib/signal.c                         0x00000000   Number         0  defsig_rtmem_inner.o ABSOLUTE
    ../clib/signal.c                         0x00000000   Number         0  defsig_rtred_inner.o ABSOLUTE
    ../clib/signal.c                         0x00000000   Number         0  defsig_abrt_inner.o ABSOLUTE
    ../clib/signal.c                         0x00000000   Number         0  defsig_general.o ABSOLUTE
    ../clib/signal.c                         0x00000000   Number         0  __raise.o ABSOLUTE
    ../clib/signal.c                         0x00000000   Number         0  defsig_other.o ABSOLUTE
    ../clib/signal.c                         0x00000000   Number         0  defsig_fpe_formal.o ABSOLUTE
    ../clib/signal.c                         0x00000000   Number         0  defsig_fpe_outer.o ABSOLUTE
    ../clib/signal.c                         0x00000000   Number         0  defsig_segv_inner.o ABSOLUTE
    ../clib/signal.c                         0x00000000   Number         0  defsig_fpe_inner.o ABSOLUTE
    ../clib/signal.c                         0x00000000   Number         0  defsig_exit.o ABSOLUTE
    ../clib/signal.c                         0x00000000   Number         0  defsig_cppl_inner.o ABSOLUTE
    ../clib/signal.s                         0x00000000   Number         0  defsig.o ABSOLUTE
    ../clib/stdlib.c                         0x00000000   Number         0  exit.o ABSOLUTE
    ../fplib/cfplib/ddiv.c                   0x00000000   Number         0  ddiv.o ABSOLUTE
    ../fplib/cfplib/dmul.c                   0x00000000   Number         0  dmul.o ABSOLUTE
    ../fplib/cfplib/ffix.c                   0x00000000   Number         0  dfixui.o ABSOLUTE
    ../fplib/cfplib/fflt.c                   0x00000000   Number         0  dflti.o ABSOLUTE
    ../fplib/cfplib/fpinit.c                 0x00000000   Number         0  fpinit.o ABSOLUTE
    ../fplib/usenofp.s                       0x00000000   Number         0  usenofp.o ABSOLUTE
    RTE/Device/MKL25Z128xxx4/system_MKL25Z4.c 0x00000000   Number         0  system_mkl25z4.o ABSOLUTE
    RTE\Device\MKL25Z128xxx4\startup_MKL25Z4.s 0x00000000   Number         0  startup_mkl25z4.o ABSOLUTE
    dc.s                                     0x00000000   Number         0  dc.o ABSOLUTE
    src/LCD.c                                0x00000000   Number         0  lcd.o ABSOLUTE
    src/SysTick.c                            0x00000000   Number         0  systick.o ABSOLUTE
    src/adc.c                                0x00000000   Number         0  adc.o ABSOLUTE
    src/main.c                               0x00000000   Number         0  main.o ABSOLUTE
    !!!main                                  0x000000c0   Section        8  __main.o(!!!main)
    !!!scatter                               0x000000c8   Section       60  __scatter.o(!!!scatter)
    !!handler_copy                           0x00000104   Section       26  __scatter_copy.o(!!handler_copy)
    !!handler_zi                             0x00000120   Section       28  __scatter_zi.o(!!handler_zi)
    .ARM.Collect$$libinit$$00000000          0x0000013c   Section        2  libinit.o(.ARM.Collect$$libinit$$00000000)
    .ARM.Collect$$libinit$$00000002          0x0000013e   Section        0  libinit2.o(.ARM.Collect$$libinit$$00000002)
    .ARM.Collect$$libinit$$00000004          0x0000013e   Section        0  libinit2.o(.ARM.Collect$$libinit$$00000004)
    .ARM.Collect$$libinit$$0000000A          0x0000013e   Section        0  libinit2.o(.ARM.Collect$$libinit$$0000000A)
    .ARM.Collect$$libinit$$0000000C          0x0000013e   Section        0  libinit2.o(.ARM.Collect$$libinit$$0000000C)
    .ARM.Collect$$libinit$$0000000E          0x0000013e   Section        0  libinit2.o(.ARM.Collect$$libinit$$0000000E)
    .ARM.Collect$$libinit$$00000011          0x0000013e   Section        0  libinit2.o(.ARM.Collect$$libinit$$00000011)
    .ARM.Collect$$libinit$$00000013          0x0000013e   Section        0  libinit2.o(.ARM.Collect$$libinit$$00000013)
    .ARM.Collect$$libinit$$00000015          0x0000013e   Section        0  libinit2.o(.ARM.Collect$$libinit$$00000015)
    .ARM.Collect$$libinit$$00000017          0x0000013e   Section        0  libinit2.o(.ARM.Collect$$libinit$$00000017)
    .ARM.Collect$$libinit$$00000019          0x0000013e   Section        0  libinit2.o(.ARM.Collect$$libinit$$00000019)
    .ARM.Collect$$libinit$$0000001B          0x0000013e   Section        0  libinit2.o(.ARM.Collect$$libinit$$0000001B)
    .ARM.Collect$$libinit$$0000001D          0x0000013e   Section        0  libinit2.o(.ARM.Collect$$libinit$$0000001D)
    .ARM.Collect$$libinit$$0000001F          0x0000013e   Section        0  libinit2.o(.ARM.Collect$$libinit$$0000001F)
    .ARM.Collect$$libinit$$00000021          0x0000013e   Section        0  libinit2.o(.ARM.Collect$$libinit$$00000021)
    .ARM.Collect$$libinit$$00000023          0x0000013e   Section        0  libinit2.o(.ARM.Collect$$libinit$$00000023)
    .ARM.Collect$$libinit$$00000025          0x0000013e   Section        0  libinit2.o(.ARM.Collect$$libinit$$00000025)
    .ARM.Collect$$libinit$$0000002C          0x0000013e   Section        0  libinit2.o(.ARM.Collect$$libinit$$0000002C)
    .ARM.Collect$$libinit$$0000002E          0x0000013e   Section        0  libinit2.o(.ARM.Collect$$libinit$$0000002E)
    .ARM.Collect$$libinit$$00000030          0x0000013e   Section        0  libinit2.o(.ARM.Collect$$libinit$$00000030)
    .ARM.Collect$$libinit$$00000032          0x0000013e   Section        0  libinit2.o(.ARM.Collect$$libinit$$00000032)
    .ARM.Collect$$libinit$$00000033          0x0000013e   Section        2  libinit2.o(.ARM.Collect$$libinit$$00000033)
    .ARM.Collect$$libshutdown$$00000000      0x00000140   Section        2  libshutdown.o(.ARM.Collect$$libshutdown$$00000000)
    .ARM.Collect$$libshutdown$$00000002      0x00000142   Section        0  libshutdown2.o(.ARM.Collect$$libshutdown$$00000002)
    .ARM.Collect$$libshutdown$$00000004      0x00000142   Section        0  libshutdown2.o(.ARM.Collect$$libshutdown$$00000004)
    .ARM.Collect$$libshutdown$$00000007      0x00000142   Section        0  libshutdown2.o(.ARM.Collect$$libshutdown$$00000007)
    .ARM.Collect$$libshutdown$$0000000A      0x00000142   Section        0  libshutdown2.o(.ARM.Collect$$libshutdown$$0000000A)
    .ARM.Collect$$libshutdown$$0000000C      0x00000142   Section        0  libshutdown2.o(.ARM.Collect$$libshutdown$$0000000C)
    .ARM.Collect$$libshutdown$$0000000F      0x00000142   Section        0  libshutdown2.o(.ARM.Collect$$libshutdown$$0000000F)
    .ARM.Collect$$libshutdown$$00000010      0x00000142   Section        2  libshutdown2.o(.ARM.Collect$$libshutdown$$00000010)
    .ARM.Collect$$rtentry$$00000000          0x00000144   Section        0  __rtentry.o(.ARM.Collect$$rtentry$$00000000)
    .ARM.Collect$$rtentry$$00000002          0x00000144   Section        0  __rtentry2.o(.ARM.Collect$$rtentry$$00000002)
    .ARM.Collect$$rtentry$$00000004          0x00000144   Section        6  __rtentry4.o(.ARM.Collect$$rtentry$$00000004)
    .ARM.Collect$$rtentry$$00000009          0x0000014a   Section        0  __rtentry2.o(.ARM.Collect$$rtentry$$00000009)
    .ARM.Collect$$rtentry$$0000000A          0x0000014a   Section        4  __rtentry2.o(.ARM.Collect$$rtentry$$0000000A)
    .ARM.Collect$$rtentry$$0000000C          0x0000014e   Section        0  __rtentry2.o(.ARM.Collect$$rtentry$$0000000C)
    .ARM.Collect$$rtentry$$0000000D          0x0000014e   Section        8  __rtentry2.o(.ARM.Collect$$rtentry$$0000000D)
    .ARM.Collect$$rtexit$$00000000           0x00000156   Section        2  rtexit.o(.ARM.Collect$$rtexit$$00000000)
    .ARM.Collect$$rtexit$$00000002           0x00000158   Section        0  rtexit2.o(.ARM.Collect$$rtexit$$00000002)
    .ARM.Collect$$rtexit$$00000003           0x00000158   Section        4  rtexit2.o(.ARM.Collect$$rtexit$$00000003)
    .ARM.Collect$$rtexit$$00000004           0x0000015c   Section        6  rtexit2.o(.ARM.Collect$$rtexit$$00000004)
    .text                                    0x00000164   Section       64  startup_mkl25z4.o(.text)
    .text                                    0x000001a4   Section      346  aeabi_sdiv.o(.text)
    .text                                    0x000002fe   Section        0  heapauxi.o(.text)
    .text                                    0x00000304   Section        0  dfixui.o(.text)
    .text                                    0x0000034c   Section        0  dflti.o(.text)
    .text                                    0x000003a4   Section       62  sys_stackheap_outer.o(.text)
    .text                                    0x000003e2   Section        0  exit.o(.text)
    .text                                    0x000003f4   Section        8  libspace.o(.text)
    .text                                    0x000003fc   Section        2  use_no_semi.o(.text)
    .text                                    0x000003fe   Section        0  indicate_semi.o(.text)
    x$fpl$usenofp                            0x000003fe   Section        0  usenofp.o(x$fpl$usenofp)
    .ARM.__at_0x400                          0x00000400   Section       16  startup_mkl25z4.o(.ARM.__at_0x400)
    .text                                    0x00000410   Section        0  ddiv.o(.text)
    .text                                    0x00000858   Section        0  dmul.o(.text)
    .text                                    0x00000aa0   Section        0  sys_exit.o(.text)
    [Anonymous Symbol]                       0x00000aac   Section        0  adc.o(.text.ADC_Cal)
    __arm_cp.3_0                             0x00000b20   Number         4  adc.o(.text.ADC_Cal)
    [Anonymous Symbol]                       0x00000b24   Section        0  adc.o(.text.Init_ADC)
    __arm_cp.0_0                             0x00000b3c   Number         4  adc.o(.text.Init_ADC)
    __arm_cp.0_1                             0x00000b40   Number         4  adc.o(.text.Init_ADC)
    [Anonymous Symbol]                       0x00000b44   Section        0  systick.o(.text.Init_SysTick)
    __arm_cp.0_0                             0x00000b78   Number         4  systick.o(.text.Init_SysTick)
    __arm_cp.0_1                             0x00000b7c   Number         4  systick.o(.text.Init_SysTick)
    __arm_cp.0_2                             0x00000b80   Number         4  systick.o(.text.Init_SysTick)
    __arm_cp.0_3                             0x00000b84   Number         4  systick.o(.text.Init_SysTick)
    [Anonymous Symbol]                       0x00000b88   Section        0  adc.o(.text.MeasureVoltage)
    __arm_cp.1_1                             0x00000ba0   Number         4  adc.o(.text.MeasureVoltage)
    [Anonymous Symbol]                       0x00000ba4   Section        0  systick.o(.text.SysTick_Handler)
    __arm_cp.1_0                             0x00000bb4   Number         4  systick.o(.text.SysTick_Handler)
    [Anonymous Symbol]                       0x00000bb8   Section        0  system_mkl25z4.o(.text.SystemInit)
    __arm_cp.0_0                             0x00000bc0   Number         4  system_mkl25z4.o(.text.SystemInit)
    [Anonymous Symbol]                       0x00000bc4   Section        0  lcd.o(.text.cursorShift)
    [Anonymous Symbol]                       0x00000bf8   Section        0  lcd.o(.text.initLCD)
    __arm_cp.3_1                             0x00000dd8   Number         4  lcd.o(.text.initLCD)
    __arm_cp.3_2                             0x00000ddc   Number         4  lcd.o(.text.initLCD)
    __arm_cp.3_3                             0x00000de0   Number         4  lcd.o(.text.initLCD)
    __arm_cp.3_4                             0x00000de4   Number         4  lcd.o(.text.initLCD)
    [Anonymous Symbol]                       0x00000de8   Section        0  lcd.o(.text.lcdClear)
    [Anonymous Symbol]                       0x00000e1c   Section        0  lcd.o(.text.lcdCntrl)
    [Anonymous Symbol]                       0x00000e6a   Section        0  lcd.o(.text.lcdHome)
    [Anonymous Symbol]                       0x00000ea0   Section        0  main.o(.text.main)
    __arm_cp.7_0                             0x00000f08   Number         4  main.o(.text.main)
    __arm_cp.7_1                             0x00000f0c   Number         4  main.o(.text.main)
    __arm_cp.7_2                             0x00000f10   Number         4  main.o(.text.main)
    __arm_cp.7_3                             0x00000f14   Number         4  main.o(.text.main)
    [Anonymous Symbol]                       0x00000f18   Section        0  lcd.o(.text.setLCDAddress)
    [Anonymous Symbol]                       0x00000f50   Section        0  lcd.o(.text.synByte)
    __arm_cp.1_0                             0x00001030   Number         4  lcd.o(.text.synByte)
    [Anonymous Symbol]                       0x00001034   Section        0  main.o(.text.task1PollInput)
    __arm_cp.2_0                             0x000010b8   Number         4  main.o(.text.task1PollInput)
    __arm_cp.2_1                             0x000010bc   Number         4  main.o(.text.task1PollInput)
    __arm_cp.2_2                             0x000010c0   Number         4  main.o(.text.task1PollInput)
    __arm_cp.2_3                             0x000010c4   Number         4  main.o(.text.task1PollInput)
    __arm_cp.2_4                             0x000010c8   Number         4  main.o(.text.task1PollInput)
    [Anonymous Symbol]                       0x000010cc   Section        0  main.o(.text.task2MeasureKeypad)
    __arm_cp.6_0                             0x00001284   Number         4  main.o(.text.task2MeasureKeypad)
    __arm_cp.6_1                             0x00001288   Number         4  main.o(.text.task2MeasureKeypad)
    __arm_cp.6_6                             0x0000128c   Number         4  main.o(.text.task2MeasureKeypad)
    __arm_cp.6_7                             0x00001290   Number         4  main.o(.text.task2MeasureKeypad)
    __arm_cp.6_8                             0x00001294   Number         4  main.o(.text.task2MeasureKeypad)
    __arm_cp.6_9                             0x00001298   Number         4  main.o(.text.task2MeasureKeypad)
    __arm_cp.6_10                            0x0000129c   Number         4  main.o(.text.task2MeasureKeypad)
    __arm_cp.6_11                            0x000012a0   Number         4  main.o(.text.task2MeasureKeypad)
    __arm_cp.6_12                            0x000012a4   Number         4  main.o(.text.task2MeasureKeypad)
    __arm_cp.6_13                            0x000012a8   Number         4  main.o(.text.task2MeasureKeypad)
    __arm_cp.6_14                            0x000012ac   Number         4  main.o(.text.task2MeasureKeypad)
    __arm_cp.6_15                            0x000012b0   Number         4  main.o(.text.task2MeasureKeypad)
    __arm_cp.6_16                            0x000012b4   Number         4  main.o(.text.task2MeasureKeypad)
    __arm_cp.6_17                            0x000012b8   Number         4  main.o(.text.task2MeasureKeypad)
    __arm_cp.6_18                            0x000012bc   Number         4  main.o(.text.task2MeasureKeypad)
    __arm_cp.6_19                            0x000012c0   Number         4  main.o(.text.task2MeasureKeypad)
    [Anonymous Symbol]                       0x000012c4   Section        0  main.o(.text.task2PollInput)
    __arm_cp.3_0                             0x0000130c   Number         4  main.o(.text.task2PollInput)
    __arm_cp.3_1                             0x00001310   Number         4  main.o(.text.task2PollInput)
    __arm_cp.3_2                             0x00001314   Number         4  main.o(.text.task2PollInput)
    __arm_cp.3_3                             0x00001318   Number         4  main.o(.text.task2PollInput)
    __arm_cp.3_4                             0x0000131c   Number         4  main.o(.text.task2PollInput)
    [Anonymous Symbol]                       0x00001320   Section        0  systick.o(.text.waitSysTickCounter)
    __arm_cp.2_0                             0x0000132c   Number         4  systick.o(.text.waitSysTickCounter)
    [Anonymous Symbol]                       0x00001330   Section        0  lcd.o(.text.writeLCDChar)
    [Anonymous Symbol]                       0x00001356   Section        0  lcd.o(.text.writeLCDString)
    .constdata                               0x0000138c   Section      128  ddiv.o(.constdata)
    ddiv_reciptbl                            0x0000138c   Data         128  ddiv.o(.constdata)
    .bss                                     0x1ffff028   Section       96  libspace.o(.bss)
    HEAP                                     0x1ffff108   Section        0  startup_mkl25z4.o(HEAP)
    STACK                                    0x1ffff108   Section      256  startup_mkl25z4.o(STACK)
    Heap_Mem                                 0x1ffff108   Data           0  startup_mkl25z4.o(HEAP)
    Stack_Mem                                0x1ffff108   Data         256  startup_mkl25z4.o(STACK)
    __initial_sp                             0x1ffff208   Data           0  startup_mkl25z4.o(STACK)

    Global Symbols

    Symbol Name                              Value     Ov Type        Size  Object(Section)

    BuildAttributes$$THM_ISAv3M$S$PE$A:L22$X:L11$S22$IEEE1$IW$~IW$USESV6$~STKCKD$USESV7$~SHL$OSPACE$ROPI$EBA8$UX$STANDARDLIB$REQ8$PRES8$EABIv2 0x00000000   Number         0  anon$$obj.o ABSOLUTE
    __Vectors                                0x00000000   Data           4  startup_mkl25z4.o(RESET)
    __ARM_exceptions_init                     - Undefined Weak Reference
    __alloca_initialize                       - Undefined Weak Reference
    __arm_preinit_                            - Undefined Weak Reference
    __cpp_initialize__aeabi_                  - Undefined Weak Reference
    __cxa_finalize                            - Undefined Weak Reference
    __rt_locale                               - Undefined Weak Reference
    __sigvec_lookup                           - Undefined Weak Reference
    _atexit_init                              - Undefined Weak Reference
    _call_atexit_fns                          - Undefined Weak Reference
    _clock_init                               - Undefined Weak Reference
    _fp_trap_init                             - Undefined Weak Reference
    _fp_trap_shutdown                         - Undefined Weak Reference
    _get_lc_collate                           - Undefined Weak Reference
    _get_lc_ctype                             - Undefined Weak Reference
    _get_lc_monetary                          - Undefined Weak Reference
    _get_lc_numeric                           - Undefined Weak Reference
    _get_lc_time                              - Undefined Weak Reference
    _getenv_init                              - Undefined Weak Reference
    _handle_redirection                       - Undefined Weak Reference
    _init_alloc                               - Undefined Weak Reference
    _init_user_alloc                          - Undefined Weak Reference
    _initio                                   - Undefined Weak Reference
    _rand_init                                - Undefined Weak Reference
    _signal_finish                            - Undefined Weak Reference
    _signal_init                              - Undefined Weak Reference
    _terminate_alloc                          - Undefined Weak Reference
    _terminate_user_alloc                     - Undefined Weak Reference
    _terminateio                              - Undefined Weak Reference
    __Vectors_End                            0x000000c0   Data           0  startup_mkl25z4.o(RESET)
    __Vectors_Size                           0x000000c0   Number         0  startup_mkl25z4.o ABSOLUTE
    __main                                   0x000000c1   Thumb Code     8  __main.o(!!!main)
    __scatterload                            0x000000c9   Thumb Code     0  __scatter.o(!!!scatter)
    __scatterload_rt2                        0x000000c9   Thumb Code    52  __scatter.o(!!!scatter)
    __scatterload_rt2_thumb_only             0x000000c9   Thumb Code     0  __scatter.o(!!!scatter)
    __scatterload_null                       0x000000d9   Thumb Code     0  __scatter.o(!!!scatter)
    __scatterload_copy                       0x00000105   Thumb Code    26  __scatter_copy.o(!!handler_copy)
    __scatterload_zeroinit                   0x00000121   Thumb Code    28  __scatter_zi.o(!!handler_zi)
    __rt_lib_init                            0x0000013d   Thumb Code     0  libinit.o(.ARM.Collect$$libinit$$00000000)
    __rt_lib_init_alloca_1                   0x0000013f   Thumb Code     0  libinit2.o(.ARM.Collect$$libinit$$0000002E)
    __rt_lib_init_argv_1                     0x0000013f   Thumb Code     0  libinit2.o(.ARM.Collect$$libinit$$0000002C)
    __rt_lib_init_atexit_1                   0x0000013f   Thumb Code     0  libinit2.o(.ARM.Collect$$libinit$$0000001B)
    __rt_lib_init_clock_1                    0x0000013f   Thumb Code     0  libinit2.o(.ARM.Collect$$libinit$$00000021)
    __rt_lib_init_cpp_1                      0x0000013f   Thumb Code     0  libinit2.o(.ARM.Collect$$libinit$$00000032)
    __rt_lib_init_exceptions_1               0x0000013f   Thumb Code     0  libinit2.o(.ARM.Collect$$libinit$$00000030)
    __rt_lib_init_fp_1                       0x0000013f   Thumb Code     0  libinit2.o(.ARM.Collect$$libinit$$00000002)
    __rt_lib_init_fp_trap_1                  0x0000013f   Thumb Code     0  libinit2.o(.ARM.Collect$$libinit$$0000001F)
    __rt_lib_init_getenv_1                   0x0000013f   Thumb Code     0  libinit2.o(.ARM.Collect$$libinit$$00000023)
    __rt_lib_init_heap_1                     0x0000013f   Thumb Code     0  libinit2.o(.ARM.Collect$$libinit$$0000000A)
    __rt_lib_init_lc_collate_1               0x0000013f   Thumb Code     0  libinit2.o(.ARM.Collect$$libinit$$00000011)
    __rt_lib_init_lc_ctype_1                 0x0000013f   Thumb Code     0  libinit2.o(.ARM.Collect$$libinit$$00000013)
    __rt_lib_init_lc_monetary_1              0x0000013f   Thumb Code     0  libinit2.o(.ARM.Collect$$libinit$$00000015)
    __rt_lib_init_lc_numeric_1               0x0000013f   Thumb Code     0  libinit2.o(.ARM.Collect$$libinit$$00000017)
    __rt_lib_init_lc_time_1                  0x0000013f   Thumb Code     0  libinit2.o(.ARM.Collect$$libinit$$00000019)
    __rt_lib_init_preinit_1                  0x0000013f   Thumb Code     0  libinit2.o(.ARM.Collect$$libinit$$00000004)
    __rt_lib_init_rand_1                     0x0000013f   Thumb Code     0  libinit2.o(.ARM.Collect$$libinit$$0000000E)
    __rt_lib_init_return                     0x0000013f   Thumb Code     0  libinit2.o(.ARM.Collect$$libinit$$00000033)
    __rt_lib_init_signal_1                   0x0000013f   Thumb Code     0  libinit2.o(.ARM.Collect$$libinit$$0000001D)
    __rt_lib_init_stdio_1                    0x0000013f   Thumb Code     0  libinit2.o(.ARM.Collect$$libinit$$00000025)
    __rt_lib_init_user_alloc_1               0x0000013f   Thumb Code     0  libinit2.o(.ARM.Collect$$libinit$$0000000C)
    __rt_lib_shutdown                        0x00000141   Thumb Code     0  libshutdown.o(.ARM.Collect$$libshutdown$$00000000)
    __rt_lib_shutdown_cpp_1                  0x00000143   Thumb Code     0  libshutdown2.o(.ARM.Collect$$libshutdown$$00000002)
    __rt_lib_shutdown_fp_trap_1              0x00000143   Thumb Code     0  libshutdown2.o(.ARM.Collect$$libshutdown$$00000007)
    __rt_lib_shutdown_heap_1                 0x00000143   Thumb Code     0  libshutdown2.o(.ARM.Collect$$libshutdown$$0000000F)
    __rt_lib_shutdown_return                 0x00000143   Thumb Code     0  libshutdown2.o(.ARM.Collect$$libshutdown$$00000010)
    __rt_lib_shutdown_signal_1               0x00000143   Thumb Code     0  libshutdown2.o(.ARM.Collect$$libshutdown$$0000000A)
    __rt_lib_shutdown_stdio_1                0x00000143   Thumb Code     0  libshutdown2.o(.ARM.Collect$$libshutdown$$00000004)
    __rt_lib_shutdown_user_alloc_1           0x00000143   Thumb Code     0  libshutdown2.o(.ARM.Collect$$libshutdown$$0000000C)
    __rt_entry                               0x00000145   Thumb Code     0  __rtentry.o(.ARM.Collect$$rtentry$$00000000)
    __rt_entry_presh_1                       0x00000145   Thumb Code     0  __rtentry2.o(.ARM.Collect$$rtentry$$00000002)
    __rt_entry_sh                            0x00000145   Thumb Code     0  __rtentry4.o(.ARM.Collect$$rtentry$$00000004)
    __rt_entry_li                            0x0000014b   Thumb Code     0  __rtentry2.o(.ARM.Collect$$rtentry$$0000000A)
    __rt_entry_postsh_1                      0x0000014b   Thumb Code     0  __rtentry2.o(.ARM.Collect$$rtentry$$00000009)
    __rt_entry_main                          0x0000014f   Thumb Code     0  __rtentry2.o(.ARM.Collect$$rtentry$$0000000D)
    __rt_entry_postli_1                      0x0000014f   Thumb Code     0  __rtentry2.o(.ARM.Collect$$rtentry$$0000000C)
    __rt_exit                                0x00000157   Thumb Code     0  rtexit.o(.ARM.Collect$$rtexit$$00000000)
    __rt_exit_ls                             0x00000159   Thumb Code     0  rtexit2.o(.ARM.Collect$$rtexit$$00000003)
    __rt_exit_prels_1                        0x00000159   Thumb Code     0  rtexit2.o(.ARM.Collect$$rtexit$$00000002)
    __rt_exit_exit                           0x0000015d   Thumb Code     0  rtexit2.o(.ARM.Collect$$rtexit$$00000004)
    Reset_Handler                            0x00000165   Thumb Code    12  startup_mkl25z4.o(.text)
    NMI_Handler                              0x00000171   Thumb Code     2  startup_mkl25z4.o(.text)
    HardFault_Handler                        0x00000173   Thumb Code     2  startup_mkl25z4.o(.text)
    SVC_Handler                              0x00000175   Thumb Code     2  startup_mkl25z4.o(.text)
    PendSV_Handler                           0x00000177   Thumb Code     2  startup_mkl25z4.o(.text)
    ADC0_IRQHandler                          0x0000017b   Thumb Code     0  startup_mkl25z4.o(.text)
    CMP0_IRQHandler                          0x0000017b   Thumb Code     0  startup_mkl25z4.o(.text)
    DAC0_IRQHandler                          0x0000017b   Thumb Code     0  startup_mkl25z4.o(.text)
    DMA0_IRQHandler                          0x0000017b   Thumb Code     0  startup_mkl25z4.o(.text)
    DMA1_IRQHandler                          0x0000017b   Thumb Code     0  startup_mkl25z4.o(.text)
    DMA2_IRQHandler                          0x0000017b   Thumb Code     0  startup_mkl25z4.o(.text)
    DMA3_IRQHandler                          0x0000017b   Thumb Code     0  startup_mkl25z4.o(.text)
    DefaultISR                               0x0000017b   Thumb Code     0  startup_mkl25z4.o(.text)
    FTFA_IRQHandler                          0x0000017b   Thumb Code     0  startup_mkl25z4.o(.text)
    I2C0_IRQHandler                          0x0000017b   Thumb Code     0  startup_mkl25z4.o(.text)
    I2C1_IRQHandler                          0x0000017b   Thumb Code     0  startup_mkl25z4.o(.text)
    LLWU_IRQHandler                          0x0000017b   Thumb Code     0  startup_mkl25z4.o(.text)
    LPTMR0_IRQHandler                        0x0000017b   Thumb Code     0  startup_mkl25z4.o(.text)
    LVD_LVW_IRQHandler                       0x0000017b   Thumb Code     0  startup_mkl25z4.o(.text)
    MCG_IRQHandler                           0x0000017b   Thumb Code     0  startup_mkl25z4.o(.text)
    PIT_IRQHandler                           0x0000017b   Thumb Code     0  startup_mkl25z4.o(.text)
    PORTA_IRQHandler                         0x0000017b   Thumb Code     0  startup_mkl25z4.o(.text)
    PORTD_IRQHandler                         0x0000017b   Thumb Code     0  startup_mkl25z4.o(.text)
    RTC_IRQHandler                           0x0000017b   Thumb Code     0  startup_mkl25z4.o(.text)
    RTC_Seconds_IRQHandler                   0x0000017b   Thumb Code     0  startup_mkl25z4.o(.text)
    Reserved20_IRQHandler                    0x0000017b   Thumb Code     0  startup_mkl25z4.o(.text)
    Reserved39_IRQHandler                    0x0000017b   Thumb Code     0  startup_mkl25z4.o(.text)
    Reserved45_IRQHandler                    0x0000017b   Thumb Code     0  startup_mkl25z4.o(.text)
    SPI0_IRQHandler                          0x0000017b   Thumb Code     0  startup_mkl25z4.o(.text)
    SPI1_IRQHandler                          0x0000017b   Thumb Code     0  startup_mkl25z4.o(.text)
    TPM0_IRQHandler                          0x0000017b   Thumb Code     0  startup_mkl25z4.o(.text)
    TPM1_IRQHandler                          0x0000017b   Thumb Code     0  startup_mkl25z4.o(.text)
    TPM2_IRQHandler                          0x0000017b   Thumb Code     0  startup_mkl25z4.o(.text)
    TSI0_IRQHandler                          0x0000017b   Thumb Code     0  startup_mkl25z4.o(.text)
    UART0_IRQHandler                         0x0000017b   Thumb Code     0  startup_mkl25z4.o(.text)
    UART1_IRQHandler                         0x0000017b   Thumb Code     0  startup_mkl25z4.o(.text)
    UART2_IRQHandler                         0x0000017b   Thumb Code     0  startup_mkl25z4.o(.text)
    USB0_IRQHandler                          0x0000017b   Thumb Code     0  startup_mkl25z4.o(.text)
    __user_initial_stackheap                 0x00000181   Thumb Code     0  startup_mkl25z4.o(.text)
    __aeabi_uidiv                            0x000001a5   Thumb Code     0  aeabi_sdiv.o(.text)
    __aeabi_uidivmod                         0x000001a5   Thumb Code    20  aeabi_sdiv.o(.text)
    __aeabi_idiv                             0x000001b9   Thumb Code     0  aeabi_sdiv.o(.text)
    __aeabi_idivmod                          0x000001b9   Thumb Code   326  aeabi_sdiv.o(.text)
    __use_two_region_memory                  0x000002ff   Thumb Code     2  heapauxi.o(.text)
    __rt_heap_escrow$2region                 0x00000301   Thumb Code     2  heapauxi.o(.text)
    __rt_heap_expand$2region                 0x00000303   Thumb Code     2  heapauxi.o(.text)
    __aeabi_d2uiz                            0x00000305   Thumb Code     0  dfixui.o(.text)
    _dfixu                                   0x00000305   Thumb Code    68  dfixui.o(.text)
    __aeabi_i2d_normalise                    0x0000034d   Thumb Code    66  dflti.o(.text)
    __aeabi_i2d                              0x0000038f   Thumb Code    16  dflti.o(.text)
    _dflt                                    0x0000038f   Thumb Code     0  dflti.o(.text)
    __aeabi_ui2d                             0x0000039f   Thumb Code     6  dflti.o(.text)
    _dfltu                                   0x0000039f   Thumb Code     0  dflti.o(.text)
    __user_setup_stackheap                   0x000003a5   Thumb Code    62  sys_stackheap_outer.o(.text)
    exit                                     0x000003e3   Thumb Code    16  exit.o(.text)
    __user_libspace                          0x000003f5   Thumb Code     8  libspace.o(.text)
    __user_perproc_libspace                  0x000003f5   Thumb Code     0  libspace.o(.text)
    __user_perthread_libspace                0x000003f5   Thumb Code     0  libspace.o(.text)
    __I$use$semihosting                      0x000003fd   Thumb Code     0  use_no_semi.o(.text)
    __use_no_semihosting_swi                 0x000003fd   Thumb Code     2  use_no_semi.o(.text)
    __I$use$fp                               0x000003fe   Number         0  usenofp.o(x$fpl$usenofp)
    __semihosting_library_function           0x000003ff   Thumb Code     0  indicate_semi.o(.text)
    __aeabi_ddiv                             0x00000411   Thumb Code     0  ddiv.o(.text)
    _ddiv                                    0x00000411   Thumb Code  1072  ddiv.o(.text)
    _drdiv                                   0x00000841   Thumb Code    20  ddiv.o(.text)
    __aeabi_dmul                             0x00000859   Thumb Code     0  dmul.o(.text)
    _dmul                                    0x00000859   Thumb Code   558  dmul.o(.text)
    _sys_exit                                0x00000aa1   Thumb Code     8  sys_exit.o(.text)
    ADC_Cal                                  0x00000aad   Thumb Code   120  adc.o(.text.ADC_Cal)
    Init_ADC                                 0x00000b25   Thumb Code    32  adc.o(.text.Init_ADC)
    Init_SysTick                             0x00000b45   Thumb Code    68  systick.o(.text.Init_SysTick)
    MeasureVoltage                           0x00000b89   Thumb Code    32  adc.o(.text.MeasureVoltage)
    SysTick_Handler                          0x00000ba5   Thumb Code    20  systick.o(.text.SysTick_Handler)
    SystemInit                               0x00000bb9   Thumb Code    12  system_mkl25z4.o(.text.SystemInit)
    cursorShift                              0x00000bc5   Thumb Code    52  lcd.o(.text.cursorShift)
    initLCD                                  0x00000bf9   Thumb Code   504  lcd.o(.text.initLCD)
    lcdClear                                 0x00000de9   Thumb Code    52  lcd.o(.text.lcdClear)
    lcdCntrl                                 0x00000e1d   Thumb Code    78  lcd.o(.text.lcdCntrl)
    lcdHome                                  0x00000e6b   Thumb Code    52  lcd.o(.text.lcdHome)
    main                                     0x00000ea1   Thumb Code   120  main.o(.text.main)
    setLCDAddress                            0x00000f19   Thumb Code    56  lcd.o(.text.setLCDAddress)
    synByte                                  0x00000f51   Thumb Code   228  lcd.o(.text.synByte)
    task1PollInput                           0x00001035   Thumb Code   156  main.o(.text.task1PollInput)
    task2MeasureKeypad                       0x000010cd   Thumb Code   520  main.o(.text.task2MeasureKeypad)
    task2PollInput                           0x000012c5   Thumb Code    92  main.o(.text.task2PollInput)
    waitSysTickCounter                       0x00001321   Thumb Code    16  systick.o(.text.waitSysTickCounter)
    writeLCDChar                             0x00001331   Thumb Code    38  lcd.o(.text.writeLCDChar)
    writeLCDString                           0x00001357   Thumb Code    54  lcd.o(.text.writeLCDString)
    Region$$Table$$Base                      0x0000140c   Number         0  anon$$obj.o(Region$$Table)
    Region$$Table$$Limit                     0x0000142c   Number         0  anon$$obj.o(Region$$Table)
    SystemCoreClock                          0x1ffff000   Data           4  system_mkl25z4.o(.data.SystemCoreClock)
    statement                                0x1ffff004   Data          13  main.o(.data.statement)
    test                                     0x1ffff011   Data          15  main.o(.data.test)
    testChar                                 0x1ffff020   Data           1  main.o(.data.testChar)
    __libspace_start                         0x1ffff028   Data          96  libspace.o(.bss)
    SysTickCounter                           0x1ffff088   Data           4  systick.o(.bss.SysTickCounter)
    __temporary_stack_top$libspace           0x1ffff088   Data           0  libspace.o(.bss)
    b_state                                  0x1ffff08c   Data           4  main.o(.bss.b_state)
    bounceCounter                            0x1ffff090   Data           4  main.o(.bss.bounceCounter)
    button2presses                           0x1ffff094   Data           4  main.o(.bss.button2presses)
    count                                    0x1ffff098   Data           4  main.o(.bss.count)
    decrement                                0x1ffff09c   Data           4  main.o(.bss.decrement)
    final_value                              0x1ffff0a0   Data           8  main.o(.bss.final_value)
    i                                        0x1ffff0a8   Data           4  main.o(.bss.i)
    inc_value                                0x1ffff0ac   Data           4  main.o(.bss.inc_value)
    integer_value                            0x1ffff0b0   Data          32  main.o(.bss.integer_value)
    pressed                                  0x1ffff0d0   Data           4  main.o(.bss.pressed)
    res                                      0x1ffff0d4   Data           4  main.o(.bss.res)
    sres                                     0x1ffff0d8   Data           2  adc.o(.bss.sres)
    stop                                     0x1ffff0dc   Data           4  main.o(.bss.stop)
    store_inc_value                          0x1ffff0e0   Data          36  main.o(.bss.store_inc_value)



==============================================================================

Memory Map of the image

  Image Entry point : 0x00000165

  Load Region LR_1 (Base: 0x00000000, Size: 0x00001450, Max: 0xffffffff, ABSOLUTE)

    Execution Region ER_RO (Exec base: 0x00000000, Load base: 0x00000000, Size: 0x0000142c, Max: 0xffffffff, ABSOLUTE)

    Exec Addr    Load Addr    Size         Type   Attr      Idx    E Section Name        Object

    0x00000000   0x00000000   0x000000c0   Data   RO          130    RESET               startup_mkl25z4.o
    0x000000c0   0x000000c0   0x00000008   Code   RO          164  * !!!main             c_p.l(__main.o)
    0x000000c8   0x000000c8   0x0000003c   Code   RO          349    !!!scatter          c_p.l(__scatter.o)
    0x00000104   0x00000104   0x0000001a   Code   RO          351    !!handler_copy      c_p.l(__scatter_copy.o)
    0x0000011e   0x0000011e   0x00000002   PAD
    0x00000120   0x00000120   0x0000001c   Code   RO          353    !!handler_zi        c_p.l(__scatter_zi.o)
    0x0000013c   0x0000013c   0x00000002   Code   RO          212    .ARM.Collect$$libinit$$00000000  c_p.l(libinit.o)
    0x0000013e   0x0000013e   0x00000000   Code   RO          226    .ARM.Collect$$libinit$$00000002  c_p.l(libinit2.o)
    0x0000013e   0x0000013e   0x00000000   Code   RO          228    .ARM.Collect$$libinit$$00000004  c_p.l(libinit2.o)
    0x0000013e   0x0000013e   0x00000000   Code   RO          231    .ARM.Collect$$libinit$$0000000A  c_p.l(libinit2.o)
    0x0000013e   0x0000013e   0x00000000   Code   RO          233    .ARM.Collect$$libinit$$0000000C  c_p.l(libinit2.o)
    0x0000013e   0x0000013e   0x00000000   Code   RO          235    .ARM.Collect$$libinit$$0000000E  c_p.l(libinit2.o)
    0x0000013e   0x0000013e   0x00000000   Code   RO          238    .ARM.Collect$$libinit$$00000011  c_p.l(libinit2.o)
    0x0000013e   0x0000013e   0x00000000   Code   RO          240    .ARM.Collect$$libinit$$00000013  c_p.l(libinit2.o)
    0x0000013e   0x0000013e   0x00000000   Code   RO          242    .ARM.Collect$$libinit$$00000015  c_p.l(libinit2.o)
    0x0000013e   0x0000013e   0x00000000   Code   RO          244    .ARM.Collect$$libinit$$00000017  c_p.l(libinit2.o)
    0x0000013e   0x0000013e   0x00000000   Code   RO          246    .ARM.Collect$$libinit$$00000019  c_p.l(libinit2.o)
    0x0000013e   0x0000013e   0x00000000   Code   RO          248    .ARM.Collect$$libinit$$0000001B  c_p.l(libinit2.o)
    0x0000013e   0x0000013e   0x00000000   Code   RO          250    .ARM.Collect$$libinit$$0000001D  c_p.l(libinit2.o)
    0x0000013e   0x0000013e   0x00000000   Code   RO          252    .ARM.Collect$$libinit$$0000001F  c_p.l(libinit2.o)
    0x0000013e   0x0000013e   0x00000000   Code   RO          254    .ARM.Collect$$libinit$$00000021  c_p.l(libinit2.o)
    0x0000013e   0x0000013e   0x00000000   Code   RO          256    .ARM.Collect$$libinit$$00000023  c_p.l(libinit2.o)
    0x0000013e   0x0000013e   0x00000000   Code   RO          258    .ARM.Collect$$libinit$$00000025  c_p.l(libinit2.o)
    0x0000013e   0x0000013e   0x00000000   Code   RO          262    .ARM.Collect$$libinit$$0000002C  c_p.l(libinit2.o)
    0x0000013e   0x0000013e   0x00000000   Code   RO          264    .ARM.Collect$$libinit$$0000002E  c_p.l(libinit2.o)
    0x0000013e   0x0000013e   0x00000000   Code   RO          266    .ARM.Collect$$libinit$$00000030  c_p.l(libinit2.o)
    0x0000013e   0x0000013e   0x00000000   Code   RO          268    .ARM.Collect$$libinit$$00000032  c_p.l(libinit2.o)
    0x0000013e   0x0000013e   0x00000002   Code   RO          269    .ARM.Collect$$libinit$$00000033  c_p.l(libinit2.o)
    0x00000140   0x00000140   0x00000002   Code   RO          304    .ARM.Collect$$libshutdown$$00000000  c_p.l(libshutdown.o)
    0x00000142   0x00000142   0x00000000   Code   RO          332    .ARM.Collect$$libshutdown$$00000002  c_p.l(libshutdown2.o)
    0x00000142   0x00000142   0x00000000   Code   RO          334    .ARM.Collect$$libshutdown$$00000004  c_p.l(libshutdown2.o)
    0x00000142   0x00000142   0x00000000   Code   RO          337    .ARM.Collect$$libshutdown$$00000007  c_p.l(libshutdown2.o)
    0x00000142   0x00000142   0x00000000   Code   RO          340    .ARM.Collect$$libshutdown$$0000000A  c_p.l(libshutdown2.o)
    0x00000142   0x00000142   0x00000000   Code   RO          342    .ARM.Collect$$libshutdown$$0000000C  c_p.l(libshutdown2.o)
    0x00000142   0x00000142   0x00000000   Code   RO          345    .ARM.Collect$$libshutdown$$0000000F  c_p.l(libshutdown2.o)
    0x00000142   0x00000142   0x00000002   Code   RO          346    .ARM.Collect$$libshutdown$$00000010  c_p.l(libshutdown2.o)
    0x00000144   0x00000144   0x00000000   Code   RO          175    .ARM.Collect$$rtentry$$00000000  c_p.l(__rtentry.o)
    0x00000144   0x00000144   0x00000000   Code   RO          182    .ARM.Collect$$rtentry$$00000002  c_p.l(__rtentry2.o)
    0x00000144   0x00000144   0x00000006   Code   RO          194    .ARM.Collect$$rtentry$$00000004  c_p.l(__rtentry4.o)
    0x0000014a   0x0000014a   0x00000000   Code   RO          184    .ARM.Collect$$rtentry$$00000009  c_p.l(__rtentry2.o)
    0x0000014a   0x0000014a   0x00000004   Code   RO          185    .ARM.Collect$$rtentry$$0000000A  c_p.l(__rtentry2.o)
    0x0000014e   0x0000014e   0x00000000   Code   RO          187    .ARM.Collect$$rtentry$$0000000C  c_p.l(__rtentry2.o)
    0x0000014e   0x0000014e   0x00000008   Code   RO          188    .ARM.Collect$$rtentry$$0000000D  c_p.l(__rtentry2.o)
    0x00000156   0x00000156   0x00000002   Code   RO          217    .ARM.Collect$$rtexit$$00000000  c_p.l(rtexit.o)
    0x00000158   0x00000158   0x00000000   Code   RO          275    .ARM.Collect$$rtexit$$00000002  c_p.l(rtexit2.o)
    0x00000158   0x00000158   0x00000004   Code   RO          276    .ARM.Collect$$rtexit$$00000003  c_p.l(rtexit2.o)
    0x0000015c   0x0000015c   0x00000006   Code   RO          277    .ARM.Collect$$rtexit$$00000004  c_p.l(rtexit2.o)
    0x00000162   0x00000162   0x00000002   PAD
    0x00000164   0x00000164   0x00000040   Code   RO          132  * .text               startup_mkl25z4.o
    0x000001a4   0x000001a4   0x0000015a   Code   RO          158    .text               c_p.l(aeabi_sdiv.o)
    0x000002fe   0x000002fe   0x00000006   Code   RO          162    .text               c_p.l(heapauxi.o)
    0x00000304   0x00000304   0x00000048   Code   RO          169    .text               fz_ps.l(dfixui.o)
    0x0000034c   0x0000034c   0x00000058   Code   RO          171    .text               fz_ps.l(dflti.o)
    0x000003a4   0x000003a4   0x0000003e   Code   RO          198    .text               c_p.l(sys_stackheap_outer.o)
    0x000003e2   0x000003e2   0x00000010   Code   RO          201    .text               c_p.l(exit.o)
    0x000003f2   0x000003f2   0x00000002   PAD
    0x000003f4   0x000003f4   0x00000008   Code   RO          213    .text               c_p.l(libspace.o)
    0x000003fc   0x000003fc   0x00000002   Code   RO          293    .text               c_p.l(use_no_semi.o)
    0x000003fe   0x000003fe   0x00000000   Code   RO          295    .text               c_p.l(indicate_semi.o)
    0x000003fe   0x000003fe   0x00000000   Code   RO          180    x$fpl$usenofp       fz_ps.l(usenofp.o)
    0x000003fe   0x000003fe   0x00000002   PAD
    0x00000400   0x00000400   0x00000010   Code   RO          131    .ARM.__at_0x400     startup_mkl25z4.o
    0x00000410   0x00000410   0x00000448   Code   RO          166    .text               fz_ps.l(ddiv.o)
    0x00000858   0x00000858   0x00000248   Code   RO          173    .text               fz_ps.l(dmul.o)
    0x00000aa0   0x00000aa0   0x0000000c   Code   RO          270    .text               c_p.l(sys_exit.o)
    0x00000aac   0x00000aac   0x00000078   Code   RO            8    .text.ADC_Cal       adc.o
    0x00000b24   0x00000b24   0x00000020   Code   RO            2    .text.Init_ADC      adc.o
    0x00000b44   0x00000b44   0x00000044   Code   RO           74    .text.Init_SysTick  systick.o
    0x00000b88   0x00000b88   0x0000001c   Code   RO            4    .text.MeasureVoltage  adc.o
    0x00000ba4   0x00000ba4   0x00000014   Code   RO           76    .text.SysTick_Handler  systick.o
    0x00000bb8   0x00000bb8   0x0000000c   Code   RO          141    .text.SystemInit    system_mkl25z4.o
    0x00000bc4   0x00000bc4   0x00000034   Code   RO          116    .text.cursorShift   lcd.o
    0x00000bf8   0x00000bf8   0x000001f0   Code   RO           98    .text.initLCD       lcd.o
    0x00000de8   0x00000de8   0x00000034   Code   RO          104    .text.lcdClear      lcd.o
    0x00000e1c   0x00000e1c   0x0000004e   Code   RO          102    .text.lcdCntrl      lcd.o
    0x00000e6a   0x00000e6a   0x00000034   Code   RO          106    .text.lcdHome       lcd.o
    0x00000e9e   0x00000e9e   0x00000002   PAD
    0x00000ea0   0x00000ea0   0x00000078   Code   RO           37    .text.main          main.o
    0x00000f18   0x00000f18   0x00000038   Code   RO          112    .text.setLCDAddress  lcd.o
    0x00000f50   0x00000f50   0x000000e4   Code   RO           94    .text.synByte       lcd.o
    0x00001034   0x00001034   0x00000098   Code   RO           27    .text.task1PollInput  main.o
    0x000010cc   0x000010cc   0x000001f8   Code   RO           35    .text.task2MeasureKeypad  main.o
    0x000012c4   0x000012c4   0x0000005c   Code   RO           29    .text.task2PollInput  main.o
    0x00001320   0x00001320   0x00000010   Code   RO           78    .text.waitSysTickCounter  systick.o
    0x00001330   0x00001330   0x00000026   Code   RO          110    .text.writeLCDChar  lcd.o
    0x00001356   0x00001356   0x00000036   Code   RO          108    .text.writeLCDString  lcd.o
    0x0000138c   0x0000138c   0x00000080   Data   RO          167    .constdata          fz_ps.l(ddiv.o)
    0x0000140c   0x0000140c   0x00000020   Data   RO          347    Region$$Table       anon$$obj.o


    Execution Region ER_RW (Exec base: 0x1ffff000, Load base: 0x0000142c, Size: 0x00000024, Max: 0xffffffff, ABSOLUTE)

    Exec Addr    Load Addr    Size         Type   Attr      Idx    E Section Name        Object

    0x1ffff000   0x0000142c   0x00000004   Data   RW          145    .data.SystemCoreClock  system_mkl25z4.o
    0x1ffff004   0x00001430   0x0000000d   Data   RW           47    .data.statement     main.o
    0x1ffff011   0x0000143d   0x0000000f   Data   RW           44    .data.test          main.o
    0x1ffff020   0x0000144c   0x00000001   Data   RW           45    .data.testChar      main.o


    Execution Region ER_ZI (Exec base: 0x1ffff028, Load base: 0x00001450, Size: 0x000001e0, Max: 0xffffffff, ABSOLUTE)

    Exec Addr    Load Addr    Size         Type   Attr      Idx    E Section Name        Object

    0x1ffff028        -       0x00000060   Zero   RW          214    .bss                c_p.l(libspace.o)
    0x1ffff088        -       0x00000004   Zero   RW           80    .bss.SysTickCounter  systick.o
    0x1ffff08c        -       0x00000004   Zero   RW           39    .bss.b_state        main.o
    0x1ffff090        -       0x00000004   Zero   RW           41    .bss.bounceCounter  main.o
    0x1ffff094        -       0x00000004   Zero   RW           51    .bss.button2presses  main.o
    0x1ffff098        -       0x00000004   Zero   RW           57    .bss.count          main.o
    0x1ffff09c        -       0x00000004   Zero   RW           50    .bss.decrement      main.o
    0x1ffff0a0        -       0x00000008   Zero   RW           46    .bss.final_value    main.o
    0x1ffff0a8        -       0x00000004   Zero   RW           52    .bss.i              main.o
    0x1ffff0ac        -       0x00000004   Zero   RW           49    .bss.inc_value      main.o
    0x1ffff0b0        -       0x00000020   Zero   RW           59    .bss.integer_value  main.o
    0x1ffff0d0        -       0x00000004   Zero   RW           40    .bss.pressed        main.o
    0x1ffff0d4        -       0x00000004   Zero   RW           56    .bss.res            main.o
    0x1ffff0d8        -       0x00000002   Zero   RW           10    .bss.sres           adc.o
    0x1ffff0da   0x00001450   0x00000002   PAD
    0x1ffff0dc        -       0x00000004   Zero   RW           54    .bss.stop           main.o
    0x1ffff0e0        -       0x00000024   Zero   RW           58    .bss.store_inc_value  main.o
    0x1ffff104   0x00001450   0x00000004   PAD
    0x1ffff108        -       0x00000000   Zero   RW          129    HEAP                startup_mkl25z4.o
    0x1ffff108        -       0x00000100   Zero   RW          128    STACK               startup_mkl25z4.o


==============================================================================

Image component sizes


      Code (inc. data)   RO Data    RW Data    ZI Data      Debug   Object Name

       180         16          0          0          2       2915   adc.o
      1106         24          0          0          0       7116   lcd.o
       868        120          0         29        116       5627   main.o
        80         44        192          0        256        836   startup_mkl25z4.o
        12          4          0          4          0       2634   system_mkl25z4.o
       104         24          0          0          4       3150   systick.o

    ----------------------------------------------------------------------
      2352        232        224         36        384      22278   Object Totals
         0          0         32          0          0          0   (incl. Generated)
         2          0          0          3          6          0   (incl. Padding)

    ----------------------------------------------------------------------

      Code (inc. data)   RO Data    RW Data    ZI Data      Debug   Library Member Name

         8          0          0          0          0         68   __main.o
         0          0          0          0          0          0   __rtentry.o
        12          0          0          0          0          0   __rtentry2.o
         6          0          0          0          0          0   __rtentry4.o
        60          8          0          0          0          0   __scatter.o
        26          0          0          0          0          0   __scatter_copy.o
        28          0          0          0          0          0   __scatter_zi.o
       346          0          0          0          0         92   aeabi_sdiv.o
        16          0          0          0          0         68   exit.o
         6          0          0          0          0        136   heapauxi.o
         0          0          0          0          0          0   indicate_semi.o
         2          0          0          0          0          0   libinit.o
         2          0          0          0          0          0   libinit2.o
         2          0          0          0          0          0   libshutdown.o
         2          0          0          0          0          0   libshutdown2.o
         8          4          0          0         96         68   libspace.o
         2          0          0          0          0          0   rtexit.o
        10          0          0          0          0          0   rtexit2.o
        12          4          0          0          0         60   sys_exit.o
        62          0          0          0          0         80   sys_stackheap_outer.o
         2          0          0          0          0         68   use_no_semi.o
      1096         26        128          0          0        112   ddiv.o
        72          4          0          0          0         68   dfixui.o
        88          0          0          0          0         92   dflti.o
       584         26          0          0          0         84   dmul.o
         0          0          0          0          0          0   usenofp.o

    ----------------------------------------------------------------------
      2460         72        128          0         96        996   Library Totals
         8          0          0          0          0          0   (incl. Padding)

    ----------------------------------------------------------------------

      Code (inc. data)   RO Data    RW Data    ZI Data      Debug   Library Name

       612         16          0          0         96        640   c_p.l
      1840         56        128          0          0        356   fz_ps.l

    ----------------------------------------------------------------------
      2460         72        128          0         96        996   Library Totals

    ----------------------------------------------------------------------

==============================================================================


      Code (inc. data)   RO Data    RW Data    ZI Data      Debug   

      4812        304        352         36        480      22890   Grand Totals
      4812        304        352         36        480      22890   ELF Image Totals
      4812        304        352         36          0          0   ROM Totals

==============================================================================

    Total RO  Size (Code + RO Data)                 5164 (   5.04kB)
    Total RW  Size (RW Data + ZI Data)               516 (   0.50kB)
    Total ROM Size (Code + RO Data + RW Data)       5200 (   5.08kB)

==============================================================================

